[campe-theme.myshopify.com/index.html]
[cdn.shopify.com/s/files/1/0437/7038/0448/t/2/assets/faviconb2ae.png]
[backblue.gif]
[fade.gif]
[index.html]
[cdn.shopify.com/s/files/1/0437/7038/0448/t/2/assets/logo7ae6.png]
[cdn.shopify.com/s/files/1/0437/7038/0448/t/2/assets/home-sections.scsse361.css]
[cdn.shopify.com/s/files/1/0437/7038/0448/t/2/assets/styled2ca.css]
[cdn.shopify.com/s/files/1/0437/7038/0448/t/2/assets/frame.scss9af4.css]
[cdn.shopify.com/s/files/1/0437/7038/0448/t/2/assets/prettyPhotode1c.css]
[cdn.shopify.com/s/files/1/0437/7038/0448/t/2/assets/animatea14e.css]
[cdn.shopify.com/s/files/1/0437/7038/0448/t/2/assets/font-all.minc83d.css]
[ajax.googleapis.com/ajax/libs/jquery/1.8.1/jquery.min.js]
[code.jquery.com/jquery-3.2.1.min.js]
[cdn.shopify.com/s/files/1/0437/7038/0448/t/2/assets/header6070.js]
[cdn.shopify.com/s/files/1/0437/7038/0448/t/2/assets/loading9491.gif]
[campe-theme.myshopify.com/POST.c.delayed]
[cdn.shopify.com/s/trekkie.storefront.762c9cfab3771f30c5dec04f1c780c3fafab9889.min.js]
[cdn.shopify.com/shopifycloud/boomerang/shopify-boomerang-1.0.0.min.js]
[cdn.shopify.com/shopifycloud/shopify/assets/shop_events_listener-68ba3f1321f00bf07cb78a03841621079812265e950cdccade3463749ea2705e.js]
[cdn.shopify.com/shopifycloud/storefront-recaptcha-v3/v0.1/index.js]
[cdn.shopify.com/shopifycloud/shopify/assets/storefront/load_feature-d8a6f1446d67009c524ed4e68648800ba9082eb75548ee28e1050331cbe7ba28.js]
[cdn.shopify.com/shopifycloud/shopify/assets/storefront/features-87e8399988880142f2c62771b9d8f2ff6c290b3ff745dd426eb0dfe0db9d1dae.js]
[cdn.shopify.com/s/files/1/0437/7038/0448/t/2/compiled_assets/scripts17c3.js]
[campe-theme.myshopify.com/pages/wishlist.html]
[campe-theme.myshopify.com/searche144.html]
[campe-theme.myshopify.com/searchb423.html]
[campe-theme.myshopify.com/search0b4f.html]
[campe-theme.myshopify.com/search5500.html]
[campe-theme.myshopify.com/search134c.html]
[campe-theme.myshopify.com/search573e.html]
[campe-theme.myshopify.com/collections/all.html]
[campe-theme.myshopify.com/collections/camping.html]
[campe-theme.myshopify.com/products/adventure-binocular.html]
[campe-theme.myshopify.com/products/army-knife.html]
[campe-theme.myshopify.com/products/belay-device-1.html]
[campe-theme.myshopify.com/products/climbing-belt.html]
[campe-theme.myshopify.com/products/climbing-stick.html]
[campe-theme.myshopify.com/collections/climbing.html]
[campe-theme.myshopify.com/products/coffee-vessel.html]
[campe-theme.myshopify.com/products/hanging-buckle.html]
[campe-theme.myshopify.com/products/hike-boots.html]
[campe-theme.myshopify.com/products/hiking-backpack-1.html]
[campe-theme.myshopify.com/products/hiking-bag.html]
[campe-theme.myshopify.com/collections/hiking.html]
[campe-theme.myshopify.com/products/hiking-bottles-holder.html]
[campe-theme.myshopify.com/products/kitchen-knife-set.html]
[campe-theme.myshopify.com/products/led-torch-light.html]
[campe-theme.myshopify.com/products/lock-hook-buckle.html]
[campe-theme.myshopify.com/products/magnetic-compass.html]
[campe-theme.myshopify.com/collections/trekking.html]
[campe-theme.myshopify.com/products/outdoor-cookware.html]
[campe-theme.myshopify.com/products/outdoor-gas-stove.html]
[campe-theme.myshopify.com/products/pocket-knife.html]
[campe-theme.myshopify.com/products/portable-barbecue-oven.html]
[cdn.shopify.com/s/files/1/0437/7038/0448/files/Campe_Mega_Menu_1_c2f9cfa3-6fd1-42b7-a3ec-ade4ced86188_750xf4ca.png]
[campe-theme.myshopify.com/products/rechargeable-torch-light.html]
[campe-theme.myshopify.com/pages/about.html]
[campe-theme.myshopify.com/pages/services.html]
[campe-theme.myshopify.com/pages/faq.html]
[campe-theme.myshopify.com/blogs/news.html]
[campe-theme.myshopify.com/blogs/news/excitement-and-adventure.html]
[campe-theme.myshopify.com/pages/contact.html]
[campe-theme.myshopify.com/collections.html]
[cdn.shopify.com/s/files/1/0437/7038/0448/files/slider-bg1_2000x9366.jpg]
[cdn.shopify.com/s/files/1/0437/7038/0448/files/slider-bg1-res_767xa1fa.jpg]
[cdn.shopify.com/s/files/1/0437/7038/0448/files/slider-bg2_2000x0726.jpg]
[cdn.shopify.com/s/files/1/0437/7038/0448/files/slider-bg2-res_767x92d5.jpg]
[cdn.shopify.com/s/files/1/0437/7038/0448/files/slider-bg3_2000x6392.jpg]
[cdn.shopify.com/s/files/1/0437/7038/0448/files/slider-bg3-res_767x291d.jpg]
[cdn.shopify.com/s/files/1/0437/7038/0448/files/home-section-03_1000Xdadc.jpg]
[cdn.shopify.com/s/files/1/0437/7038/0448/files/home-section-02_1000X8967.jpg]
[cdn.shopify.com/s/files/1/0437/7038/0448/files/home-section-01_1000X424f.jpg]
[cdn.shopify.com/s/files/1/0437/7038/0448/products/Product18_e2bcd9a2-d8c9-4eee-8c72-d18eb07e68b2_large754d.jpg]
[campe-theme.myshopify.com/collections/frontpage/products/trekking-shoe.html]
[cdn.shopify.com/s/files/1/0437/7038/0448/products/Product1_5641aae5-28bb-4519-884c-7caef335c613_large754d.jpg]
[campe-theme.myshopify.com/products/trekking-shoe.html]
[campe-theme.myshopify.com/trekking-shoe]
[cdn.shopify.com/s/files/1/0437/7038/0448/products/Product2_78fd1323-4924-4001-a91a-010cf9a1f621_largea5da.jpg]
[cdn.shopify.com/s/files/1/0437/7038/0448/products/Product24_23b90a2b-f399-47b7-832c-6ec812c1fb3a_largea5da.jpg]
[campe-theme.myshopify.com/collections/frontpage/products/rechargeable-torch-light.html]
[campe-theme.myshopify.com/rechargeable-torch-light]
[campe-theme.myshopify.com/collections/frontpage/products/portable-barbecue-oven.html]
[cdn.shopify.com/s/files/1/0437/7038/0448/products/Product22_large3f40.jpg]
[cdn.shopify.com/s/files/1/0437/7038/0448/products/Product3_a1ba4ec9-dfe9-4c92-ab13-37ff4174b8fb_large3f40.jpg]
[campe-theme.myshopify.com/portable-barbecue-oven]
[cdn.shopify.com/s/files/1/0437/7038/0448/products/Product5_largeeb59.jpg]
[campe-theme.myshopify.com/collections/frontpage/products/adventure-binocular.html]
[cdn.shopify.com/s/files/1/0437/7038/0448/products/Product21_largec136.jpg]
[campe-theme.myshopify.com/adventure-binocular]
[cdn.shopify.com/s/files/1/0437/7038/0448/products/Product19_0c194c8d-a6c1-4a78-840c-22b1d01a8ce2_large29f5.jpg]
[campe-theme.myshopify.com/collections/frontpage/products/pocket-knife.html]
[cdn.shopify.com/s/files/1/0437/7038/0448/products/Product8_128fbf8c-96a1-4511-a775-88f99dcc245c_large29f5.jpg]
[campe-theme.myshopify.com/pocket-knife]
[campe-theme.myshopify.com/collections/frontpage/products/wide-angular-binocular.html]
[cdn.shopify.com/s/files/1/0437/7038/0448/products/Product21_d584b965-4016-443e-b21b-8ae7fa3f5937_large239c.jpg]
[cdn.shopify.com/s/files/1/0437/7038/0448/products/Product5_e4ab6283-7fe8-44c7-8f49-51a62a84a178_large239c.jpg]
[campe-theme.myshopify.com/products/wide-angular-binocular.html]
[campe-theme.myshopify.com/wide-angular-binocular.5f.delayed]
[cdn.shopify.com/s/files/1/0437/7038/0448/products/Product7_largefdef.jpg]
[campe-theme.myshopify.com/collections/frontpage/products/hiking-backpack-1.html]
[cdn.shopify.com/s/files/1/0437/7038/0448/products/Product16_largeaf3c.jpg]
[campe-theme.myshopify.com/hiking-backpack-1]
[cdn.shopify.com/s/files/1/0437/7038/0448/products/Product25_large6040.jpg]
[campe-theme.myshopify.com/collections/frontpage/products/belay-device-1.html]
[cdn.shopify.com/s/files/1/0437/7038/0448/products/Product20_large6040.jpg]
[campe-theme.myshopify.com/belay-device-1]
[cdn.shopify.com/s/files/1/0437/7038/0448/products/Product15_large9709.jpg]
[campe-theme.myshopify.com/collections/frontpage/products/climbing-belt.html]
[cdn.shopify.com/s/files/1/0437/7038/0448/products/Product10_large9709.jpg]
[campe-theme.myshopify.com/climbing-belt]
[campe-theme.myshopify.com/collections/frontpage/products/hanging-buckle.html]
[cdn.shopify.com/s/files/1/0437/7038/0448/products/Product9_largef7d1.jpg]
[cdn.shopify.com/s/files/1/0437/7038/0448/products/Product10_16fc50ea-e6e3-4e4c-b863-4b1772c97be9_largee0f6.jpg]
[campe-theme.myshopify.com/hanging-buckle]
[cdn.shopify.com/s/files/1/0437/7038/0448/files/video-img_2000x673a.jpg]
[cdn.shopify.com/s/files/1/0437/7038/0448/products/Product20_98304537-4473-4994-86a9-6959d753cbc6_largea3f3.jpg]
[campe-theme.myshopify.com/collections/hiking/products/wooden-knife.html]
[cdn.shopify.com/s/files/1/0437/7038/0448/products/Product8_19c2a705-0d8a-48d0-a8f5-d05d6a42ffae_largea3f3.jpg]
[campe-theme.myshopify.com/products/wooden-knife.html]
[campe-theme.myshopify.com/wooden-knife.75.delayed]
[campe-theme.myshopify.com/collections/hiking/products/wide-angular-binocular.html]
[campe-theme.myshopify.com/collections/hiking/products/trekking-shoe.html]
[cdn.shopify.com/s/files/1/0437/7038/0448/products/Product16_e9564b74-a51f-46ad-9889-3a0ffc42e833_large9b04.jpg]
[campe-theme.myshopify.com/collections/hiking/products/round-backpack.html]
[cdn.shopify.com/s/files/1/0437/7038/0448/products/Product6_346ef7f4-bd26-4125-80ef-49d169668400_large9b04.jpg]
[campe-theme.myshopify.com/products/round-backpack.html]
[campe-theme.myshopify.com/round-backpack]
[cdn.shopify.com/s/files/1/0437/7038/0448/files/insta-103d84.jpg]
[cdn.shopify.com/s/files/1/0437/7038/0448/files/insta-080aee.jpg]
[cdn.shopify.com/s/files/1/0437/7038/0448/files/insta-07c21e.jpg]
[cdn.shopify.com/s/files/1/0437/7038/0448/files/insta-064673.jpg]
[cdn.shopify.com/s/files/1/0437/7038/0448/files/insta-05ac66.jpg]
[cdn.shopify.com/s/files/1/0437/7038/0448/files/insta-04f606.jpg]
[cdn.shopify.com/s/files/1/0437/7038/0448/files/insta-0270f6.jpg]
[cdn.shopify.com/s/files/1/0437/7038/0448/files/insta-019865.jpg]
[cdn.shopify.com/s/files/1/0437/7038/0448/files/insta-098c8b.jpg]
[cdn.shopify.com/s/files/1/0437/7038/0448/files/insta-0306b2.jpg]
[cdn.shopify.com/s/files/1/0437/7038/0448/files/delivery_medium_1e1f28a0-ce4c-46fb-94a3-fe74382baa5b_medium4bff.png]
[cdn.shopify.com/s/files/1/0437/7038/0448/files/refresh_medium_ef32ef79-983e-4118-8163-ba2c2d5c3bb7_medium4bff.png]
[cdn.shopify.com/s/files/1/0437/7038/0448/files/secure_medium_153548e2-b7c6-424c-9010-1333e6ff373d_medium4bff.png]
[cdn.shopify.com/s/files/1/0437/7038/0448/files/customer-care_medium_ae23bb7f-5352-4d63-a797-7fc68104debe_medium4bff.png]
[cdn.shopify.com/s/files/1/0437/7038/0448/files/newsletter-arrow18f7.png]
[cdn.shopify.com/s/files/1/0437/7038/0448/t/2/assets/inview-donut-easing91ee.js]
[cdn.shopify.com/s/files/1/0437/7038/0448/t/2/assets/themea76d.js]
[cdn.shopify.com/shopifycloud/shopify/assets/themes_support/option_selection-fe6b72c2bbdd3369ac0bfefe8648e3c889efca213baefd4cfb0dd9363563831f.js]
[cdn.shopify.com/shopifycloud/shopify/assets/themes_support/api.jquery-e94e010e92e659b566dbc436fdfe5242764380e00398907a14955ba301a4749f.js]
[cdn.shopify.com/s/files/1/0437/7038/0448/t/2/assets/history-to-light18d8.js]
[cdn.shopify.com/s/files/1/0437/7038/0448/t/2/assets/wow6fc4.js]
[cdn.shopify.com/s/files/1/0437/7038/0448/t/2/assets/shopc971.js]
[campe-theme.myshopify.com/cart.html]
[cdn.shopify.com/s/files/1/0437/7038/0448/t/2/assets/template71a73.js]
[cdn.shopify.com/s/files/1/0437/7038/0448/t/2/assets/footerdeae.js]
[campe-theme.myshopify.com/index.html]
[cdn.shopify.com/s/files/1/0437/7038/0448/t/2/assets/ico-selectf30c.svg]
[cdn.shopify.com/s/files/1/0437/7038/0448/t/2/assets/iconsf5c3.eot]
[cdn.shopify.com/s/files/1/0437/7038/0448/t/2/assets/iconsf5c3.woff]
[cdn.shopify.com/s/files/1/0437/7038/0448/t/2/assets/iconsf5c3.ttf]
[cdn.shopify.com/s/files/1/0437/7038/0448/t/2/assets/icons0672.svg]
[cdn.shopify.com/s/files/1/0437/7038/0448/files/slider-16ad6.jpg]
[cdn.shopify.com/s/files/1/0437/7038/0448/t/2/assets/preloaderf5c3.gif]
[cdn.shopify.com/s/files/1/0437/7038/0448/t/2/assets/product-arrowf5c3.png]
[cdn.shopify.com/s/files/1/0437/7038/0448/t/2/assets/popup_newsletter_img6704.jpg]
[cdn.shopify.com/s/files/1/0437/7038/0448/t/2/assets/hover3ef9.png]
[cdn.shopify.com/s/files/1/0437/7038/0448/t/2/assets/frame.scss9af4.css]
[cdn.shopify.com/s/files/1/0437/7038/0448/t/2/assets/home-sections.scsse361.css]
[cdn.shopify.com/s/files/1/0437/7038/0448/t/2/assets/owl.video.play.png]
[cdn.shopify.com/s/files/1/0437/7038/0448/t/2/assets/icons_new14.png]
[cdn.shopify.com/s/files/1/0437/7038/0448/t/2/assets/prev-horizontal.png]
[cdn.shopify.com/s/files/1/0437/7038/0448/t/2/assets/controlsce7f.png]
[cdn.shopify.com/s/files/1/0437/7038/0448/t/2/assets/loading.gif]
[cdn.shopify.com/s/files/1/0437/7038/0448/t/2/assets/fancybox.png]
[cdn.shopify.com/s/files/1/0437/7038/0448/t/2/assets/fancybox-x.png]
[cdn.shopify.com/s/files/1/0437/7038/0448/t/2/assets/styled2ca.css]
[cdn.shopify.com/s/files/1/0437/7038/0448/t/2/assets/sprite.png]
[cdn.shopify.com/s/files/1/0437/7038/0448/t/2/assets/sprite_x.png]
[cdn.shopify.com/s/files/1/0437/7038/0448/t/2/assets/sprite_y.png]
[cdn.shopify.com/s/files/1/0437/7038/0448/t/2/assets/sprite_next.png]
[cdn.shopify.com/s/files/1/0437/7038/0448/t/2/assets/sprite_prev.png]
[cdn.shopify.com/s/files/1/0437/7038/0448/t/2/assets/default_thumb.png]
[cdn.shopify.com/s/files/1/0437/7038/0448/t/2/assets/loader.gif]
[cdn.shopify.com/s/files/1/0437/7038/0448/t/2/assets/btnNext.png]
[cdn.shopify.com/s/files/1/0437/7038/0448/t/2/assets/btnPrevious.png]
[cdn.shopify.com/s/files/1/0437/7038/0448/t/2/assets/contentPattern.png]
[cdn.shopify.com/s/files/1/0437/7038/0448/t/2/assets/dark_rounded/sprite.png]
[cdn.shopify.com/s/files/1/0437/7038/0448/t/2/assets/contentPatternTop.png]
[cdn.shopify.com/s/files/1/0437/7038/0448/t/2/assets/contentPatternLeft.png]
[cdn.shopify.com/s/files/1/0437/7038/0448/t/2/assets/contentPatternRight.png]
[cdn.shopify.com/s/files/1/0437/7038/0448/t/2/assets/facebook/sprite.png]
[cdn.shopify.com/s/files/1/0437/7038/0448/t/2/images/prettyPhoto/facebook/sprite.png]
[cdn.shopify.com/s/files/1/0437/7038/0448/t/2/assets/contentPatternBottom.png]
[cdn.shopify.com/s/files/1/0437/7038/0448/t/2/assets/default_thumbnail.gif]
[cdn.shopify.com/s/files/1/0437/7038/0448/t/2/assets/prettyPhotode1c.css]
[cdn.shopify.com/s/files/1/0437/7038/0448/t/2/assets/animatea14e.css]
[cdn.shopify.com/s/files/1/0437/7038/0448/t/2/assets/fa-brands-400.woff2]
[cdn.shopify.com/s/files/1/0437/7038/0448/t/2/assets/fa-brands-400.woff]
[cdn.shopify.com/s/files/1/0437/7038/0448/t/2/assets/fa-brands-400.ttf]
[cdn.shopify.com/s/files/1/0437/7038/0448/t/2/assets/fa-brands-400d41d.eot]
[cdn.shopify.com/s/files/1/0437/7038/0448/t/2/assets/fa-brands-400.eot]
[cdn.shopify.com/s/files/1/0437/7038/0448/t/2/assets/fa-regular-400.eot]
[cdn.shopify.com/s/files/1/0437/7038/0448/t/2/assets/fa-regular-400.woff2]
[cdn.shopify.com/s/files/1/0437/7038/0448/t/2/assets/fa-regular-400d41d.eot]
[cdn.shopify.com/s/files/1/0437/7038/0448/t/2/assets/fa-regular-400.woff]
[cdn.shopify.com/s/files/1/0437/7038/0448/t/2/assets/fa-regular-400.ttf]
[cdn.shopify.com/s/files/1/0437/7038/0448/t/2/assets/fa-regular-400.svg]
[cdn.shopify.com/s/files/1/0437/7038/0448/t/2/assets/fa-solid-900.woff2]
[cdn.shopify.com/s/files/1/0437/7038/0448/t/2/assets/fa-brands-400.svg]
[cdn.shopify.com/s/files/1/0437/7038/0448/t/2/assets/fa-solid-900.woff]
[cdn.shopify.com/s/files/1/0437/7038/0448/t/2/assets/fa-solid-900.ttf]
[cdn.shopify.com/s/files/1/0437/7038/0448/t/2/assets/fa-solid-900d41d.eot]
[cdn.shopify.com/s/files/1/0437/7038/0448/t/2/assets/fa-solid-900.c9.delayed]
[cdn.shopify.com/s/files/1/0437/7038/0448/t/2/assets/american_captain-webfont.woff2]
[cdn.shopify.com/s/files/1/0437/7038/0448/t/2/assets/american_captain-webfont.woff]
[cdn.shopify.com/s/files/1/0437/7038/0448/t/2/assets/fa-solid-900.eot]
[cdn.shopify.com/s/files/1/0437/7038/0448/t/2/assets/futurabt-light-webfont.woff2]
[cdn.shopify.com/s/files/1/0437/7038/0448/t/2/assets/futurabt-light-webfont.woff]
[cdn.shopify.com/s/files/1/0437/7038/0448/t/2/assets/font-all.minc83d.css]
[campe-theme.myshopify.com/POST.html]
[cdn.shopify.com/s/files/1/0437/7038/0448/t/2/compiled_assets/styles17c3.css]
[campe-theme.myshopify.com/pages/POST.ce.delayed]
[campe-theme.myshopify.com/pages/wishlist.html]
[cdn.shopify.com/s/global/search.css]
[campe-theme.myshopify.com/searche144.html]
[campe-theme.myshopify.com/products/wooden-knife163f.html]
[campe-theme.myshopify.com/products/wide-angular-binoculard018.html]
[campe-theme.myshopify.com/products/trekking-shoee2d7.html]
[campe-theme.myshopify.com/products/round-backpackaa31.html]
[campe-theme.myshopify.com/products/rechargeable-torch-lightf3c9.html]
[campe-theme.myshopify.com/products/portable-barbecue-oven4d5b.html]
[campe-theme.myshopify.com/products/pocket-knife79f4.html]
[cdn.shopify.com/s/files/1/0437/7038/0448/products/Product3_58cd2275-4b48-4baf-bbe9-3ca4e5416917_large23e4.jpg]
[campe-theme.myshopify.com/products/outdoor-gas-stove1eac.html]
[cdn.shopify.com/s/files/1/0437/7038/0448/products/Product17_a158672f-6318-4242-903f-1a7dc767dc65_large23e4.jpg]
[campe-theme.myshopify.com/outdoor-gas-stove]
[cdn.shopify.com/s/files/1/0437/7038/0448/products/Product17_35dafb00-ead6-452f-91ff-3bb9b2d04649_large26a3.jpg]
[campe-theme.myshopify.com/products/outdoor-cookware9e5b.html]
[cdn.shopify.com/s/files/1/0437/7038/0448/products/Product3_large26a3.jpg]
[campe-theme.myshopify.com/outdoor-cookware]
[campe-theme.myshopify.com/products/magnetic-compassf988.html]
[cdn.shopify.com/s/files/1/0437/7038/0448/products/Product4_largec579.jpg]
[cdn.shopify.com/s/files/1/0437/7038/0448/products/Product21_a64f4bbd-a919-4794-90da-17fd78b533e6_largec579.jpg]
[campe-theme.myshopify.com/magnetic-compass]
[cdn.shopify.com/s/files/1/0437/7038/0448/products/Product10_4c9342b3-1953-4ae3-b755-eb69a66dfcb7_largefa1a.jpg]
[campe-theme.myshopify.com/products/lock-hook-buckleecdc.html]
[cdn.shopify.com/s/files/1/0437/7038/0448/products/Product12_3af4fa2b-c5eb-411c-ab1e-a2cf94e9b8a7_largefa1a.jpg]
[campe-theme.myshopify.com/lock-hook-buckle]
[cdn.shopify.com/s/files/1/0437/7038/0448/products/Product24_large57b3.jpg]
[campe-theme.myshopify.com/products/led-torch-light6eb0.html]
[cdn.shopify.com/s/files/1/0437/7038/0448/products/Product2_large57b3.jpg]
[campe-theme.myshopify.com/led-torch-light]
[campe-theme.myshopify.com/search6b93.html]
[campe-theme.myshopify.com/searchb423.html]
[campe-theme.myshopify.com/search0b4f.html]
[campe-theme.myshopify.com/search5500.html]
[campe-theme.myshopify.com/search134c.html]
[campe-theme.myshopify.com/search573e.html]
[campe-theme.myshopify.com/collections/all.atom]
[campe-theme.myshopify.com/collections/all4658.html]
[campe-theme.myshopify.com/collections/POST]
[cdn.shopify.com/s/files/1/0437/7038/0448/products/Product23_350Xb980.jpg]
[cdn.shopify.com/s/files/1/0437/7038/0448/products/Product15_350X9709.jpg]
[cdn.shopify.com/s/files/1/0437/7038/0448/products/Product25_350X6040.jpg]
[cdn.shopify.com/s/files/1/0437/7038/0448/products/Product8_350X748b.jpg]
[cdn.shopify.com/s/files/1/0437/7038/0448/products/Product5_350Xeb59.jpg]
[campe-theme.myshopify.com/collections/manual]
[campe-theme.myshopify.com/collections/price-ascending]
[campe-theme.myshopify.com/collections/price-descending]
[campe-theme.myshopify.com/collections/title-ascending]
[campe-theme.myshopify.com/collections/title-descending]
[campe-theme.myshopify.com/collections/created-ascending]
[campe-theme.myshopify.com/collections/created-descending]
[campe-theme.myshopify.com/collections/best-selling]
[campe-theme.myshopify.com/collections/adventure-binocular]
[cdn.shopify.com/s/files/1/0437/7038/0448/products/Product8_large748b.jpg]
[cdn.shopify.com/s/files/1/0437/7038/0448/products/Product19_large748b.jpg]
[campe-theme.myshopify.com/collections/army-knife]
[campe-theme.myshopify.com/collections/belay-device-1]
[campe-theme.myshopify.com/collections/climbing-belt]
[cdn.shopify.com/s/files/1/0437/7038/0448/products/Product23_largeb980.jpg]
[cdn.shopify.com/s/files/1/0437/7038/0448/products/Product25_af409998-4b13-4acb-bf59-8b032def8e26_largeb980.jpg]
[campe-theme.myshopify.com/collections/climbing-stick]
[cdn.shopify.com/s/files/1/0437/7038/0448/products/Product14_largef6b9.jpg]
[cdn.shopify.com/s/files/1/0437/7038/0448/products/Product17_largef6b9.jpg]
[campe-theme.myshopify.com/collections/coffee-vessel]
[campe-theme.myshopify.com/collections/hanging-buckle]
[cdn.shopify.com/s/files/1/0437/7038/0448/products/Product1_large45bd.jpg]
[cdn.shopify.com/s/files/1/0437/7038/0448/products/Product18_large45bd.jpg]
[campe-theme.myshopify.com/collections/hike-boots]
[campe-theme.myshopify.com/collections/hiking-backpack-1]
[cdn.shopify.com/s/files/1/0437/7038/0448/products/Product6_large5d19.jpg]
[cdn.shopify.com/s/files/1/0437/7038/0448/products/Product16_691ca107-f13b-4adf-a9b2-31651ef9078c_large5d19.jpg]
[campe-theme.myshopify.com/collections/hiking-bag]
[cdn.shopify.com/s/files/1/0437/7038/0448/products/Product12_large8ee4.jpg]
[cdn.shopify.com/s/files/1/0437/7038/0448/products/Product10_0b7a1834-a84b-4292-8a95-df9803c5962d_large8ee4.jpg]
[campe-theme.myshopify.com/collections/hiking-bottles-holder]
[cdn.shopify.com/s/files/1/0437/7038/0448/products/Product11_large6e56.jpg]
[cdn.shopify.com/s/files/1/0437/7038/0448/products/Product13_large6e56.jpg]
[campe-theme.myshopify.com/collections/kitchen-knife-set]
[campe-theme.myshopify.com/collections/all.html]
[campe-theme.myshopify.com/collections/camping.atom]
[campe-theme.myshopify.com/collections/camping.oembed]
[campe-theme.myshopify.com/collections/camping/products/hiking-bag.html]
[campe-theme.myshopify.com/collections/camping/products/hiking-backpack-1.html]
[campe-theme.myshopify.com/collections/camping/products/hike-boots.html]
[campe-theme.myshopify.com/collections/camping/products/hanging-buckle.html]
[campe-theme.myshopify.com/collections/camping.html]
[cdn.shopify.com/s/files/1/0437/7038/0448/products/Product5_grandeeb59.jpg]
[campe-theme.myshopify.com/collections/camping/products/coffee-vessel.html]
[cdn.shopify.com/s/files/1/0437/7038/0448/products/Product21_grandec136.jpg]
[cdn.shopify.com/s/files/1/0437/7038/0448/products/Product5_mediumeb59.jpg]
[campe-theme.myshopify.com/products/adventure-binocular.oembed]
[campe-theme.myshopify.com/products/POST]
[cdn.shopify.com/s/files/1/0437/7038/0448/products/Product5eb59.jpg]
[cdn.shopify.com/s/files/1/0437/7038/0448/products/Product21c136.jpg]
[cdn.shopify.com/s/files/1/0437/7038/0448/products/Product21_mediumc136.jpg]
[cdn.shopify.com/s/files/1/0437/7038/0448/products/Product5_50xeb59.jpg]
[campe-theme.myshopify.com/collections/trekking/products/climbing-stick.html]
[campe-theme.myshopify.com/collections/trekking/products/climbing-belt.html]
[cdn.shopify.com/s/files/1/0437/7038/0448/t/2/assets/jquery.fancybox.minfa4d.css]
[campe-theme.myshopify.com/collections/trekking/products/belay-device-1.html]
[cdn.shopify.com/s/files/1/0437/7038/0448/t/2/assets/jquery.fancybox.min1026.js]
[campe-theme.myshopify.com/collections/trekking/products/army-knife.html]
[cdn.shopify.com/s/files/1/0437/7038/0448/t/2/assets/social-buttonsa4c8.js]
[campe-theme.myshopify.com/products/adventure-binocular.html]
[cdn.shopify.com/s/files/1/0437/7038/0448/products/Product8_grande748b.jpg]
[cdn.shopify.com/s/files/1/0437/7038/0448/products/Product19_grande748b.jpg]
[cdn.shopify.com/s/files/1/0437/7038/0448/products/Product8_medium748b.jpg]
[campe-theme.myshopify.com/products/army-knife.oembed]
[cdn.shopify.com/s/files/1/0437/7038/0448/products/Product8748b.jpg]
[cdn.shopify.com/s/files/1/0437/7038/0448/products/Product19748b.jpg]
[cdn.shopify.com/s/files/1/0437/7038/0448/products/Product19_medium748b.jpg]
[cdn.shopify.com/s/files/1/0437/7038/0448/products/Product8_50x748b.jpg]
[cdn.shopify.com/s/files/1/0437/7038/0448/products/Product19_50x748b.jpg]
[campe-theme.myshopify.com/products/army-knife.html]
[cdn.shopify.com/s/files/1/0437/7038/0448/products/Product25_grande6040.jpg]
[campe-theme.myshopify.com/collections/trekking/products/adventure-binocular.html]
[cdn.shopify.com/s/files/1/0437/7038/0448/products/Product20_grande6040.jpg]
[cdn.shopify.com/s/files/1/0437/7038/0448/products/Product25_medium6040.jpg]
[campe-theme.myshopify.com/products/belay-device-1.oembed]
[cdn.shopify.com/s/files/1/0437/7038/0448/products/Product256040.jpg]
[cdn.shopify.com/s/files/1/0437/7038/0448/products/Product206040.jpg]
[cdn.shopify.com/s/files/1/0437/7038/0448/products/Product20_medium6040.jpg]
[cdn.shopify.com/s/files/1/0437/7038/0448/products/Product25_50x6040.jpg]
[campe-theme.myshopify.com/products/belay-device-1.html]
[cdn.shopify.com/s/files/1/0437/7038/0448/products/Product15_grande9709.jpg]
[cdn.shopify.com/s/files/1/0437/7038/0448/products/Product10_grande9709.jpg]
[cdn.shopify.com/s/files/1/0437/7038/0448/products/Product15_medium9709.jpg]
[campe-theme.myshopify.com/products/climbing-belt.oembed]
[cdn.shopify.com/s/files/1/0437/7038/0448/products/Product159709.jpg]
[cdn.shopify.com/s/files/1/0437/7038/0448/products/Product109709.jpg]
[cdn.shopify.com/s/files/1/0437/7038/0448/products/Product10_medium9709.jpg]
[cdn.shopify.com/s/files/1/0437/7038/0448/products/Product15_50x9709.jpg]
[cdn.shopify.com/s/files/1/0437/7038/0448/products/Product10_50x9709.jpg]
[campe-theme.myshopify.com/products/climbing-belt.html]
[cdn.shopify.com/s/files/1/0437/7038/0448/products/Product23_grandeb980.jpg]
[cdn.shopify.com/s/files/1/0437/7038/0448/products/Product25_af409998-4b13-4acb-bf59-8b032def8e26_grandeb980.jpg]
[cdn.shopify.com/s/files/1/0437/7038/0448/products/Product23_mediumb980.jpg]
[campe-theme.myshopify.com/products/climbing-stick.oembed]
[cdn.shopify.com/s/files/1/0437/7038/0448/products/Product23b980.jpg]
[cdn.shopify.com/s/files/1/0437/7038/0448/products/Product25_af409998-4b13-4acb-bf59-8b032def8e26b980.jpg]
[cdn.shopify.com/s/files/1/0437/7038/0448/products/Product25_af409998-4b13-4acb-bf59-8b032def8e26_mediumb980.jpg]
[cdn.shopify.com/s/files/1/0437/7038/0448/products/Product23_50xb980.jpg]
[cdn.shopify.com/s/files/1/0437/7038/0448/products/Product25_af409998-4b13-4acb-bf59-8b032def8e26_50xb980.jpg]
[campe-theme.myshopify.com/products/climbing-stick.html]
[campe-theme.myshopify.com/collections/climbing.atom]
[campe-theme.myshopify.com/collections/climbing.oembed]
[campe-theme.myshopify.com/collections/climbing/products/magnetic-compass.html]
[campe-theme.myshopify.com/collections/magnetic-compass]
[campe-theme.myshopify.com/collections/climbing/products/lock-hook-buckle.html]
[campe-theme.myshopify.com/collections/lock-hook-buckle]
[campe-theme.myshopify.com/collections/climbing/products/led-torch-light.html]
[campe-theme.myshopify.com/collections/led-torch-light]
[campe-theme.myshopify.com/collections/climbing/products/kitchen-knife-set.html]
[campe-theme.myshopify.com/collections/climbing.html]
[cdn.shopify.com/s/files/1/0437/7038/0448/products/Product14_grandef6b9.jpg]
[campe-theme.myshopify.com/collections/climbing/products/hiking-bottles-holder.html]
[cdn.shopify.com/s/files/1/0437/7038/0448/products/Product17_grandef6b9.jpg]
[cdn.shopify.com/s/files/1/0437/7038/0448/products/Product14_mediumf6b9.jpg]
[campe-theme.myshopify.com/products/coffee-vessel.oembed]
[cdn.shopify.com/s/files/1/0437/7038/0448/products/Product14f6b9.jpg]
[cdn.shopify.com/s/files/1/0437/7038/0448/products/Product17f6b9.jpg]
[cdn.shopify.com/s/files/1/0437/7038/0448/products/Product17_mediumf6b9.jpg]
[cdn.shopify.com/s/files/1/0437/7038/0448/products/Product14_50xf6b9.jpg]
[cdn.shopify.com/s/files/1/0437/7038/0448/products/Product17_50xf6b9.jpg]
[campe-theme.myshopify.com/products/coffee-vessel.html]
[cdn.shopify.com/s/files/1/0437/7038/0448/products/Product9_grandef7d1.jpg]
[cdn.shopify.com/s/files/1/0437/7038/0448/products/Product10_16fc50ea-e6e3-4e4c-b863-4b1772c97be9_grandee0f6.jpg]
[cdn.shopify.com/s/files/1/0437/7038/0448/products/Product9_mediumf7d1.jpg]
[campe-theme.myshopify.com/products/hanging-buckle.oembed]
[cdn.shopify.com/s/files/1/0437/7038/0448/products/Product9f7d1.jpg]
[cdn.shopify.com/s/files/1/0437/7038/0448/products/Product10_16fc50ea-e6e3-4e4c-b863-4b1772c97be9e0f6.jpg]
[cdn.shopify.com/s/files/1/0437/7038/0448/products/Product10_16fc50ea-e6e3-4e4c-b863-4b1772c97be9_mediume0f6.jpg]
[cdn.shopify.com/s/files/1/0437/7038/0448/products/Product9_50xf7d1.jpg]
[cdn.shopify.com/s/files/1/0437/7038/0448/products/Product10_16fc50ea-e6e3-4e4c-b863-4b1772c97be9_50xe0f6.jpg]
[campe-theme.myshopify.com/products/hanging-buckle.html]
[cdn.shopify.com/s/files/1/0437/7038/0448/products/Product1_grande45bd.jpg]
[cdn.shopify.com/s/files/1/0437/7038/0448/products/Product18_grande45bd.jpg]
[cdn.shopify.com/s/files/1/0437/7038/0448/products/Product1_medium45bd.jpg]
[campe-theme.myshopify.com/products/hike-boots.oembed]
[cdn.shopify.com/s/files/1/0437/7038/0448/products/Product145bd.jpg]
[cdn.shopify.com/s/files/1/0437/7038/0448/products/Product1845bd.jpg]
[cdn.shopify.com/s/files/1/0437/7038/0448/products/Product18_medium45bd.jpg]
[cdn.shopify.com/s/files/1/0437/7038/0448/products/Product1_50x45bd.jpg]
[cdn.shopify.com/s/files/1/0437/7038/0448/products/Product18_50x45bd.jpg]
[campe-theme.myshopify.com/products/hike-boots.html]
[cdn.shopify.com/s/files/1/0437/7038/0448/products/Product7_grandefdef.jpg]
[cdn.shopify.com/s/files/1/0437/7038/0448/products/Product16_grandeaf3c.jpg]
[cdn.shopify.com/s/files/1/0437/7038/0448/products/Product7_mediumfdef.jpg]
[campe-theme.myshopify.com/products/hiking-backpack-1.oembed]
[cdn.shopify.com/s/files/1/0437/7038/0448/products/Product7fdef.jpg]
[cdn.shopify.com/s/files/1/0437/7038/0448/products/Product16af3c.jpg]
[cdn.shopify.com/s/files/1/0437/7038/0448/products/Product16_mediumaf3c.jpg]
[cdn.shopify.com/s/files/1/0437/7038/0448/products/Product7_50xfdef.jpg]
[cdn.shopify.com/s/files/1/0437/7038/0448/products/Product16_50xaf3c.jpg]
[campe-theme.myshopify.com/products/hiking-backpack-1.html]
[cdn.shopify.com/s/files/1/0437/7038/0448/products/Product6_grande5d19.jpg]
[cdn.shopify.com/s/files/1/0437/7038/0448/products/Product16_691ca107-f13b-4adf-a9b2-31651ef9078c_grande5d19.jpg]
[cdn.shopify.com/s/files/1/0437/7038/0448/products/Product6_medium5d19.jpg]
[campe-theme.myshopify.com/products/hiking-bag.oembed]
[cdn.shopify.com/s/files/1/0437/7038/0448/products/Product65d19.jpg]
[cdn.shopify.com/s/files/1/0437/7038/0448/products/Product16_691ca107-f13b-4adf-a9b2-31651ef9078c5d19.jpg]
[cdn.shopify.com/s/files/1/0437/7038/0448/products/Product16_691ca107-f13b-4adf-a9b2-31651ef9078c_medium5d19.jpg]
[cdn.shopify.com/s/files/1/0437/7038/0448/products/Product6_50x5d19.jpg]
[cdn.shopify.com/s/files/1/0437/7038/0448/products/Product16_691ca107-f13b-4adf-a9b2-31651ef9078c_50x5d19.jpg]
[campe-theme.myshopify.com/products/hiking-bag.html]
[campe-theme.myshopify.com/collections/hiking.atom]
[campe-theme.myshopify.com/collections/hiking.oembed]
[campe-theme.myshopify.com/collections/wooden-knife]
[campe-theme.myshopify.com/collections/wide-angular-binocular]
[campe-theme.myshopify.com/collections/trekking-shoe]
[campe-theme.myshopify.com/collections/round-backpack]
[campe-theme.myshopify.com/collections/hiking/products/rechargeable-torch-light.html]
[campe-theme.myshopify.com/collections/rechargeable-torch-light]
[campe-theme.myshopify.com/collections/hiking.html]
[cdn.shopify.com/s/files/1/0437/7038/0448/products/Product12_grande8ee4.jpg]
[cdn.shopify.com/s/files/1/0437/7038/0448/products/Product10_0b7a1834-a84b-4292-8a95-df9803c5962d_grande8ee4.jpg]
[cdn.shopify.com/s/files/1/0437/7038/0448/products/Product12_medium8ee4.jpg]
[campe-theme.myshopify.com/products/hiking-bottles-holder.oembed]
[cdn.shopify.com/s/files/1/0437/7038/0448/products/Product128ee4.jpg]
[cdn.shopify.com/s/files/1/0437/7038/0448/products/Product10_0b7a1834-a84b-4292-8a95-df9803c5962d8ee4.jpg]
[cdn.shopify.com/s/files/1/0437/7038/0448/products/Product10_0b7a1834-a84b-4292-8a95-df9803c5962d_medium8ee4.jpg]
[cdn.shopify.com/s/files/1/0437/7038/0448/products/Product12_50x8ee4.jpg]
[cdn.shopify.com/s/files/1/0437/7038/0448/products/Product10_0b7a1834-a84b-4292-8a95-df9803c5962d_50x8ee4.jpg]
[campe-theme.myshopify.com/products/hiking-bottles-holder.html]
[cdn.shopify.com/s/files/1/0437/7038/0448/products/Product11_grande6e56.jpg]
[cdn.shopify.com/s/files/1/0437/7038/0448/products/Product13_grande6e56.jpg]
[cdn.shopify.com/s/files/1/0437/7038/0448/products/Product11_medium6e56.jpg]
[campe-theme.myshopify.com/products/kitchen-knife-set.oembed]
[cdn.shopify.com/s/files/1/0437/7038/0448/products/Product116e56.jpg]
[cdn.shopify.com/s/files/1/0437/7038/0448/products/Product136e56.jpg]
[cdn.shopify.com/s/files/1/0437/7038/0448/products/Product13_medium6e56.jpg]
[cdn.shopify.com/s/files/1/0437/7038/0448/products/Product11_50x6e56.jpg]
[cdn.shopify.com/s/files/1/0437/7038/0448/products/Product13_50x6e56.jpg]
[campe-theme.myshopify.com/products/kitchen-knife-set.html]
[cdn.shopify.com/s/files/1/0437/7038/0448/products/Product24_grande57b3.jpg]
[cdn.shopify.com/s/files/1/0437/7038/0448/products/Product2_grande57b3.jpg]
[cdn.shopify.com/s/files/1/0437/7038/0448/products/Product24_medium57b3.jpg]
[campe-theme.myshopify.com/products/led-torch-light.oembed]
[cdn.shopify.com/s/files/1/0437/7038/0448/products/Product2457b3.jpg]
[cdn.shopify.com/s/files/1/0437/7038/0448/products/Product257b3.jpg]
[cdn.shopify.com/s/files/1/0437/7038/0448/products/Product2_medium57b3.jpg]
[cdn.shopify.com/s/files/1/0437/7038/0448/products/Product24_50x57b3.jpg]
[campe-theme.myshopify.com/products/led-torch-light.html]
[cdn.shopify.com/s/files/1/0437/7038/0448/products/Product10_4c9342b3-1953-4ae3-b755-eb69a66dfcb7_grandefa1a.jpg]
[cdn.shopify.com/s/files/1/0437/7038/0448/products/Product12_3af4fa2b-c5eb-411c-ab1e-a2cf94e9b8a7_grandefa1a.jpg]
[cdn.shopify.com/s/files/1/0437/7038/0448/products/Product10_4c9342b3-1953-4ae3-b755-eb69a66dfcb7_mediumfa1a.jpg]
[campe-theme.myshopify.com/products/lock-hook-buckle.oembed]
[cdn.shopify.com/s/files/1/0437/7038/0448/products/Product10_4c9342b3-1953-4ae3-b755-eb69a66dfcb7fa1a.jpg]
[cdn.shopify.com/s/files/1/0437/7038/0448/products/Product12_3af4fa2b-c5eb-411c-ab1e-a2cf94e9b8a7fa1a.jpg]
[cdn.shopify.com/s/files/1/0437/7038/0448/products/Product12_3af4fa2b-c5eb-411c-ab1e-a2cf94e9b8a7_mediumfa1a.jpg]
[cdn.shopify.com/s/files/1/0437/7038/0448/products/Product10_4c9342b3-1953-4ae3-b755-eb69a66dfcb7_50xfa1a.jpg]
[cdn.shopify.com/s/files/1/0437/7038/0448/products/Product12_3af4fa2b-c5eb-411c-ab1e-a2cf94e9b8a7_50xfa1a.jpg]
[campe-theme.myshopify.com/products/lock-hook-buckle.html]
[cdn.shopify.com/s/files/1/0437/7038/0448/products/Product4_grandec579.jpg]
[cdn.shopify.com/s/files/1/0437/7038/0448/products/Product21_a64f4bbd-a919-4794-90da-17fd78b533e6_grandec579.jpg]
[cdn.shopify.com/s/files/1/0437/7038/0448/products/Product4_mediumc579.jpg]
[campe-theme.myshopify.com/products/magnetic-compass.oembed]
[cdn.shopify.com/s/files/1/0437/7038/0448/products/Product4c579.jpg]
[cdn.shopify.com/s/files/1/0437/7038/0448/products/Product21_a64f4bbd-a919-4794-90da-17fd78b533e6c579.jpg]
[cdn.shopify.com/s/files/1/0437/7038/0448/products/Product21_a64f4bbd-a919-4794-90da-17fd78b533e6_mediumc579.jpg]
[cdn.shopify.com/s/files/1/0437/7038/0448/products/Product4_50xc579.jpg]
[cdn.shopify.com/s/files/1/0437/7038/0448/products/Product21_a64f4bbd-a919-4794-90da-17fd78b533e6_50xc579.jpg]
[campe-theme.myshopify.com/products/magnetic-compass.html]
[campe-theme.myshopify.com/collections/trekking.atom]
[campe-theme.myshopify.com/collections/trekking.html]
[campe-theme.myshopify.com/collections/trekking.oembed]
[cdn.shopify.com/s/files/1/0437/7038/0448/products/Product17_35dafb00-ead6-452f-91ff-3bb9b2d04649_grande26a3.jpg]
[cdn.shopify.com/s/files/1/0437/7038/0448/products/Product3_grande26a3.jpg]
[cdn.shopify.com/s/files/1/0437/7038/0448/products/Product17_35dafb00-ead6-452f-91ff-3bb9b2d04649_medium26a3.jpg]
[campe-theme.myshopify.com/products/outdoor-cookware.oembed]
[cdn.shopify.com/s/files/1/0437/7038/0448/products/Product17_35dafb00-ead6-452f-91ff-3bb9b2d0464926a3.jpg]
[cdn.shopify.com/s/files/1/0437/7038/0448/products/Product326a3.jpg]
[cdn.shopify.com/s/files/1/0437/7038/0448/products/Product3_medium26a3.jpg]
[cdn.shopify.com/s/files/1/0437/7038/0448/products/Product17_35dafb00-ead6-452f-91ff-3bb9b2d04649_50x26a3.jpg]
[cdn.shopify.com/s/files/1/0437/7038/0448/products/Product3_50x26a3.jpg]
[campe-theme.myshopify.com/products/outdoor-cookware.html]
[cdn.shopify.com/s/files/1/0437/7038/0448/products/Product3_58cd2275-4b48-4baf-bbe9-3ca4e5416917_grande23e4.jpg]
[cdn.shopify.com/s/files/1/0437/7038/0448/products/Product17_a158672f-6318-4242-903f-1a7dc767dc65_grande23e4.jpg]
[cdn.shopify.com/s/files/1/0437/7038/0448/products/Product3_58cd2275-4b48-4baf-bbe9-3ca4e5416917_medium23e4.jpg]
[campe-theme.myshopify.com/products/outdoor-gas-stove.oembed]
[cdn.shopify.com/s/files/1/0437/7038/0448/products/Product3_58cd2275-4b48-4baf-bbe9-3ca4e541691723e4.jpg]
[cdn.shopify.com/s/files/1/0437/7038/0448/products/Product17_a158672f-6318-4242-903f-1a7dc767dc6523e4.jpg]
[cdn.shopify.com/s/files/1/0437/7038/0448/products/Product17_a158672f-6318-4242-903f-1a7dc767dc65_medium23e4.jpg]
[cdn.shopify.com/s/files/1/0437/7038/0448/products/Product3_58cd2275-4b48-4baf-bbe9-3ca4e5416917_50x23e4.jpg]
[cdn.shopify.com/s/files/1/0437/7038/0448/products/Product17_a158672f-6318-4242-903f-1a7dc767dc65_50x23e4.jpg]
[campe-theme.myshopify.com/products/outdoor-gas-stove.html]
[cdn.shopify.com/s/files/1/0437/7038/0448/products/Product19_0c194c8d-a6c1-4a78-840c-22b1d01a8ce2_grande29f5.jpg]
[cdn.shopify.com/s/files/1/0437/7038/0448/products/Product8_128fbf8c-96a1-4511-a775-88f99dcc245c_grande29f5.jpg]
[cdn.shopify.com/s/files/1/0437/7038/0448/products/Product19_0c194c8d-a6c1-4a78-840c-22b1d01a8ce2_medium29f5.jpg]
[campe-theme.myshopify.com/products/pocket-knife.oembed]
[cdn.shopify.com/s/files/1/0437/7038/0448/products/Product19_0c194c8d-a6c1-4a78-840c-22b1d01a8ce229f5.jpg]
[cdn.shopify.com/s/files/1/0437/7038/0448/products/Product8_128fbf8c-96a1-4511-a775-88f99dcc245c29f5.jpg]
[cdn.shopify.com/s/files/1/0437/7038/0448/products/Product8_128fbf8c-96a1-4511-a775-88f99dcc245c_medium29f5.jpg]
[cdn.shopify.com/s/files/1/0437/7038/0448/products/Product19_0c194c8d-a6c1-4a78-840c-22b1d01a8ce2_50x29f5.jpg]
[cdn.shopify.com/s/files/1/0437/7038/0448/products/Product8_128fbf8c-96a1-4511-a775-88f99dcc245c_50x29f5.jpg]
[campe-theme.myshopify.com/products/pocket-knife.html]
[cdn.shopify.com/s/files/1/0437/7038/0448/products/Product22_grande3f40.jpg]
[cdn.shopify.com/s/files/1/0437/7038/0448/products/Product3_a1ba4ec9-dfe9-4c92-ab13-37ff4174b8fb_grande3f40.jpg]
[cdn.shopify.com/s/files/1/0437/7038/0448/products/Product22_medium3f40.jpg]
[campe-theme.myshopify.com/products/portable-barbecue-oven.oembed]
[cdn.shopify.com/s/files/1/0437/7038/0448/products/Product223f40.jpg]
[cdn.shopify.com/s/files/1/0437/7038/0448/products/Product3_a1ba4ec9-dfe9-4c92-ab13-37ff4174b8fb3f40.jpg]
[cdn.shopify.com/s/files/1/0437/7038/0448/products/Product3_a1ba4ec9-dfe9-4c92-ab13-37ff4174b8fb_medium3f40.jpg]
[cdn.shopify.com/s/files/1/0437/7038/0448/products/Product22_50x3f40.jpg]
[cdn.shopify.com/s/files/1/0437/7038/0448/products/Product3_a1ba4ec9-dfe9-4c92-ab13-37ff4174b8fb_50x3f40.jpg]
[campe-theme.myshopify.com/products/portable-barbecue-oven.html]
[cdn.shopify.com/s/files/1/0437/7038/0448/products/Product2_78fd1323-4924-4001-a91a-010cf9a1f621_grandea5da.jpg]
[cdn.shopify.com/s/files/1/0437/7038/0448/products/Product24_23b90a2b-f399-47b7-832c-6ec812c1fb3a_grandea5da.jpg]
[cdn.shopify.com/s/files/1/0437/7038/0448/products/Product2_78fd1323-4924-4001-a91a-010cf9a1f621_mediuma5da.jpg]
[campe-theme.myshopify.com/products/rechargeable-torch-light.oembed]
[cdn.shopify.com/s/files/1/0437/7038/0448/products/Product2_78fd1323-4924-4001-a91a-010cf9a1f621a5da.jpg]
[cdn.shopify.com/s/files/1/0437/7038/0448/products/Product24_23b90a2b-f399-47b7-832c-6ec812c1fb3aa5da.jpg]
[cdn.shopify.com/s/files/1/0437/7038/0448/products/Product24_23b90a2b-f399-47b7-832c-6ec812c1fb3a_mediuma5da.jpg]
[cdn.shopify.com/s/files/1/0437/7038/0448/products/Product2_78fd1323-4924-4001-a91a-010cf9a1f621_50xa5da.jpg]
[cdn.shopify.com/s/files/1/0437/7038/0448/products/Product24_23b90a2b-f399-47b7-832c-6ec812c1fb3a_50xa5da.jpg]
[campe-theme.myshopify.com/products/rechargeable-torch-light.html]
[cdn.shopify.com/s/files/1/0437/7038/0448/files/abou-17888.jpg]
[cdn.shopify.com/s/files/1/0437/7038/0448/files/abou-para4078.jpg]
[cdn.shopify.com/s/files/1/0437/7038/0448/files/abou-361d8.jpg]
[cdn.shopify.com/s/files/1/0437/7038/0448/files/abou-260df.jpg]
[cdn.shopify.com/s/files/1/0437/7038/0448/files/abou-test-340fe.jpg]
[cdn.shopify.com/s/files/1/0437/7038/0448/files/abou-test-257b3.jpg]
[cdn.shopify.com/s/files/1/0437/7038/0448/files/abou-test-11688.jpg]
[cdn.shopify.com/s/files/1/0437/7038/0448/files/abou-team-4_1024x102414d9.jpg]
[cdn.shopify.com/s/files/1/0437/7038/0448/files/abou-team-3_1024x1024dcd2.jpg]
[cdn.shopify.com/s/files/1/0437/7038/0448/files/abou-team-2_1024x1024cded.jpg]
[cdn.shopify.com/s/files/1/0437/7038/0448/files/abou-team-1_4402371e-7d47-4fba-b7a8-0a7f31a75c39_1024x10241f2e.jpg]
[campe-theme.myshopify.com/pages/about.html]
[cdn.shopify.com/s/files/1/0437/7038/0448/files/serv-134a1.jpg]
[cdn.shopify.com/s/files/1/0437/7038/0448/files/serv-4_1024x1024bcc2.jpg]
[cdn.shopify.com/s/files/1/0437/7038/0448/files/serv-2_1024x10247b0c.jpg]
[cdn.shopify.com/s/files/1/0437/7038/0448/files/serv-3_1024x1024b767.jpg]
[cdn.shopify.com/s/files/1/0437/7038/0448/files/serv-5_1024x10245531.jpg]
[cdn.shopify.com/s/files/1/0437/7038/0448/files/serv-6_1024x10249123.jpg]
[cdn.shopify.com/s/files/1/0437/7038/0448/files/serv-logo-1_250x2502998.png]
[cdn.shopify.com/s/files/1/0437/7038/0448/files/serv-logo-2_250x250bafe.png]
[cdn.shopify.com/s/files/1/0437/7038/0448/files/serv-logo-3_250x250ea64.png]
[cdn.shopify.com/s/files/1/0437/7038/0448/files/serv-logo-4_250x25033ea.png]
[cdn.shopify.com/s/files/1/0437/7038/0448/files/serv-logo-5_250x2502960.png]
[cdn.shopify.com/s/files/1/0437/7038/0448/files/serv-logo-6_250x250cd98.png]
[campe-theme.myshopify.com/pages/services.html]
[campe-theme.myshopify.com/pages/faq.html]
[campe-theme.myshopify.com/blogs/news.atom]
[campe-theme.myshopify.com/blogs/news4658.html]
[campe-theme.myshopify.com/blogs/POST]
[cdn.shopify.com/s/files/1/0437/7038/0448/articles/blo-19204.jpg]
[campe-theme.myshopify.com/blogs/news/adventure-is-worthwhile.html]
[cdn.shopify.com/s/files/1/0437/7038/0448/articles/blo-4fe77.jpg]
[campe-theme.myshopify.com/blogs/news/run-towards-adventure.html]
[campe-theme.myshopify.com/blogs/news/newer-and-richer-experience.html]
[cdn.shopify.com/s/files/1/0437/7038/0448/articles/blo-38ab0.jpg]
[campe-theme.myshopify.com/blogs/news/fun-filled-water-sports.html]
[cdn.shopify.com/s/files/1/0437/7038/0448/articles/blo-8962c.jpg]
[campe-theme.myshopify.com/blogs/news/make-your-best-adventure.html]
[cdn.shopify.com/s/files/1/0437/7038/0448/articles/blo-6d121.jpg]
[campe-theme.myshopify.com/blogs/news/live-the-life-of-your-dreams.html]
[cdn.shopify.com/s/files/1/0437/7038/0448/articles/blo-9368a.jpg]
[campe-theme.myshopify.com/blogs/news/best-education-for-living.html]
[cdn.shopify.com/s/files/1/0437/7038/0448/articles/blo-7fbb9.jpg]
[campe-theme.myshopify.com/blogs/news/something-for-the-first-time.html]
[cdn.shopify.com/s/files/1/0437/7038/0448/articles/blo-5de58.jpg]
[campe-theme.myshopify.com/blogs/news.html]
[cdn.shopify.com/s/files/1/0437/7038/0448/articles/blo-2_grande9620.jpg]
[campe-theme.myshopify.com/blogs/news/POST.2b6.delayed]
[cdn.shopify.com/s/files/1/0437/7038/0448/articles/blo-29620.jpg]
[cdn.shopify.com/s/files/1/0437/7038/0448/files/blog_detail-122121.png]
[cdn.shopify.com/s/files/1/0437/7038/0448/files/blog_detail-136b5b.png]
[cdn.shopify.com/s/files/1/0437/7038/0448/files/blog_detail-1560ec.png]
[campe-theme.myshopify.com/blogs/news/tagged/camping.html]
[campe-theme.myshopify.com/blogs/news/tagged/trekking.html]
[campe-theme.myshopify.com/blogs/news/take-every-chance-you-get.html]
[campe-theme.myshopify.com/blogs/news/excitement-and-adventure.html]
[campe-theme.myshopify.com/pages/contact.html]
[cdn.shopify.com/s/files/1/0437/7038/0448/products/Product20_98304537-4473-4994-86a9-6959d753cbc6_grandea3f3.jpg]
[campe-theme.myshopify.com/collections.html]
[cdn.shopify.com/s/files/1/0437/7038/0448/products/Product18_e2bcd9a2-d8c9-4eee-8c72-d18eb07e68b2_grande754d.jpg]
[cdn.shopify.com/s/files/1/0437/7038/0448/products/Product1_5641aae5-28bb-4519-884c-7caef335c613_grande754d.jpg]
[cdn.shopify.com/s/files/1/0437/7038/0448/products/Product18_e2bcd9a2-d8c9-4eee-8c72-d18eb07e68b2_medium754d.jpg]
[campe-theme.myshopify.com/products/trekking-shoe.oembed]
[campe-theme.myshopify.com/collections/frontpage/products/POST]
[campe-theme.myshopify.com/collections/frontpage.html]
[cdn.shopify.com/s/files/1/0437/7038/0448/products/Product18_e2bcd9a2-d8c9-4eee-8c72-d18eb07e68b2754d.jpg]
[cdn.shopify.com/s/files/1/0437/7038/0448/products/Product1_5641aae5-28bb-4519-884c-7caef335c613754d.jpg]
[cdn.shopify.com/s/files/1/0437/7038/0448/products/Product1_5641aae5-28bb-4519-884c-7caef335c613_medium754d.jpg]
[cdn.shopify.com/s/files/1/0437/7038/0448/products/Product18_e2bcd9a2-d8c9-4eee-8c72-d18eb07e68b2_50x754d.jpg]
[cdn.shopify.com/s/files/1/0437/7038/0448/products/Product1_5641aae5-28bb-4519-884c-7caef335c613_50x754d.jpg]
[campe-theme.myshopify.com/collections/frontpage/products/trekking-shoe.html]
[campe-theme.myshopify.com/products/trekking-shoe.html]
[campe-theme.myshopify.com/trekking-shoe.html]
[campe-theme.myshopify.com/collections/frontpage/products/rechargeable-torch-light.html]
[campe-theme.myshopify.com/rechargeable-torch-light.html]
[campe-theme.myshopify.com/collections/frontpage/products/portable-barbecue-oven.html]
[campe-theme.myshopify.com/portable-barbecue-oven.html]
[campe-theme.myshopify.com/collections/frontpage/products/adventure-binocular.html]
[campe-theme.myshopify.com/adventure-binocular.html]
[campe-theme.myshopify.com/collections/frontpage/products/pocket-knife.html]
[campe-theme.myshopify.com/pocket-knife.html]
[cdn.shopify.com/s/files/1/0437/7038/0448/products/Product21_d584b965-4016-443e-b21b-8ae7fa3f5937_grande239c.jpg]
[cdn.shopify.com/s/files/1/0437/7038/0448/products/Product5_e4ab6283-7fe8-44c7-8f49-51a62a84a178_grande239c.jpg]
[cdn.shopify.com/s/files/1/0437/7038/0448/products/Product21_d584b965-4016-443e-b21b-8ae7fa3f5937_medium239c.jpg]
[campe-theme.myshopify.com/products/wide-angular-binocular.oembed]
[cdn.shopify.com/s/files/1/0437/7038/0448/products/Product21_d584b965-4016-443e-b21b-8ae7fa3f5937239c.jpg]
[cdn.shopify.com/s/files/1/0437/7038/0448/products/Product5_e4ab6283-7fe8-44c7-8f49-51a62a84a178239c.jpg]
[cdn.shopify.com/s/files/1/0437/7038/0448/products/Product5_e4ab6283-7fe8-44c7-8f49-51a62a84a178_medium239c.jpg]
[cdn.shopify.com/s/files/1/0437/7038/0448/products/Product21_d584b965-4016-443e-b21b-8ae7fa3f5937_50x239c.jpg]
[cdn.shopify.com/s/files/1/0437/7038/0448/products/Product5_e4ab6283-7fe8-44c7-8f49-51a62a84a178_50x239c.jpg]
[campe-theme.myshopify.com/collections/frontpage/products/wide-angular-binocular.html]
[campe-theme.myshopify.com/products/wide-angular-binocular.html]
[campe-theme.myshopify.com/wide-angular-binocular.html]
[campe-theme.myshopify.com/collections/frontpage/products/hiking-backpack-1.html]
[campe-theme.myshopify.com/hiking-backpack-1.html]
[campe-theme.myshopify.com/collections/frontpage/products/belay-device-1.html]
[campe-theme.myshopify.com/belay-device-1.html]
[campe-theme.myshopify.com/collections/frontpage/products/climbing-belt.html]
[campe-theme.myshopify.com/climbing-belt.html]
[campe-theme.myshopify.com/collections/frontpage/products/hanging-buckle.html]
[campe-theme.myshopify.com/hanging-buckle.html]
[cdn.shopify.com/s/files/1/0437/7038/0448/products/Product8_19c2a705-0d8a-48d0-a8f5-d05d6a42ffae_grandea3f3.jpg]
[cdn.shopify.com/s/files/1/0437/7038/0448/products/Product20_98304537-4473-4994-86a9-6959d753cbc6_mediuma3f3.jpg]
[campe-theme.myshopify.com/products/wooden-knife.oembed]
[campe-theme.myshopify.com/collections/hiking/products/POST.318.delayed]
[cdn.shopify.com/s/files/1/0437/7038/0448/products/Product20_98304537-4473-4994-86a9-6959d753cbc6a3f3.jpg]
[cdn.shopify.com/s/files/1/0437/7038/0448/products/Product8_19c2a705-0d8a-48d0-a8f5-d05d6a42ffaea3f3.jpg]
[cdn.shopify.com/s/files/1/0437/7038/0448/products/Product8_19c2a705-0d8a-48d0-a8f5-d05d6a42ffae_mediuma3f3.jpg]
[cdn.shopify.com/s/files/1/0437/7038/0448/products/Product20_98304537-4473-4994-86a9-6959d753cbc6_50xa3f3.jpg]
[cdn.shopify.com/s/files/1/0437/7038/0448/products/Product8_19c2a705-0d8a-48d0-a8f5-d05d6a42ffae_50xa3f3.jpg]
[campe-theme.myshopify.com/collections/hiking/products/wooden-knife.html]
[campe-theme.myshopify.com/products/wooden-knife.html]
[campe-theme.myshopify.com/wooden-knife.html]
[campe-theme.myshopify.com/collections/hiking/products/wide-angular-binocular.html]
[campe-theme.myshopify.com/collections/hiking/products/trekking-shoe.html]
[cdn.shopify.com/s/files/1/0437/7038/0448/products/Product16_e9564b74-a51f-46ad-9889-3a0ffc42e833_grande9b04.jpg]
[cdn.shopify.com/s/files/1/0437/7038/0448/products/Product6_346ef7f4-bd26-4125-80ef-49d169668400_grande9b04.jpg]
[cdn.shopify.com/s/files/1/0437/7038/0448/products/Product16_e9564b74-a51f-46ad-9889-3a0ffc42e833_medium9b04.jpg]
[campe-theme.myshopify.com/products/round-backpack.oembed]
[cdn.shopify.com/s/files/1/0437/7038/0448/products/Product16_e9564b74-a51f-46ad-9889-3a0ffc42e8339b04.jpg]
[cdn.shopify.com/s/files/1/0437/7038/0448/products/Product6_346ef7f4-bd26-4125-80ef-49d1696684009b04.jpg]
[cdn.shopify.com/s/files/1/0437/7038/0448/products/Product6_346ef7f4-bd26-4125-80ef-49d169668400_medium9b04.jpg]
[cdn.shopify.com/s/files/1/0437/7038/0448/products/Product16_e9564b74-a51f-46ad-9889-3a0ffc42e833_50x9b04.jpg]
[cdn.shopify.com/s/files/1/0437/7038/0448/products/Product6_346ef7f4-bd26-4125-80ef-49d169668400_50x9b04.jpg]
[campe-theme.myshopify.com/collections/hiking/products/round-backpack.html]
[campe-theme.myshopify.com/products/round-backpack.html]
[campe-theme.myshopify.com/round-backpack.html]
[cdn.shopify.com/s/files/1/0437/7038/0448/t/2/assets/empty-cart6052.png]
[campe-theme.myshopify.com/cart.html]
[cdn.shopify.com/s/files/1/0437/7038/0448/t/2/assets/ico-selectf30c.svg]
[cdn.shopify.com/s/files/1/0437/7038/0448/t/2/assets/iconsf5c3.html]
[cdn.shopify.com/s/files/1/0437/7038/0448/t/2/assets/iconsf5c3-2.html]
[cdn.shopify.com/s/files/1/0437/7038/0448/t/2/assets/iconsf5c3-3.html]
[cdn.shopify.com/s/files/1/0437/7038/0448/t/2/assets/icons0672.svg]
[cdn.shopify.com/s/files/1/0437/7038/0448/t/2/assets/preloaderf5c3.html]
[cdn.shopify.com/s/files/1/0437/7038/0448/t/2/assets/product-arrowf5c3.html]
[cdn.shopify.com/s/files/1/0437/7038/0448/t/2/assets/owl.video.play.html]
[cdn.shopify.com/s/files/1/0437/7038/0448/t/2/assets/icons_new14.html]
[cdn.shopify.com/s/files/1/0437/7038/0448/t/2/assets/prev-horizontal.html]
[cdn.shopify.com/s/files/1/0437/7038/0448/t/2/assets/fancybox-x.html]
[cdn.shopify.com/s/files/1/0437/7038/0448/t/2/assets/sprite_x.html]
[cdn.shopify.com/s/files/1/0437/7038/0448/t/2/assets/sprite_y.html]
[cdn.shopify.com/s/files/1/0437/7038/0448/t/2/assets/sprite_next.html]
[cdn.shopify.com/s/files/1/0437/7038/0448/t/2/assets/sprite_prev.html]
[cdn.shopify.com/s/files/1/0437/7038/0448/t/2/assets/default_thumb.html]
[cdn.shopify.com/s/files/1/0437/7038/0448/t/2/assets/loader.html]
[cdn.shopify.com/s/files/1/0437/7038/0448/t/2/assets/btnNext.html]
[cdn.shopify.com/s/files/1/0437/7038/0448/t/2/assets/btnPrevious.html]
[cdn.shopify.com/s/files/1/0437/7038/0448/t/2/assets/contentPattern.html]
[cdn.shopify.com/s/files/1/0437/7038/0448/t/2/assets/dark_rounded/sprite.html]
[cdn.shopify.com/s/files/1/0437/7038/0448/t/2/assets/contentPatternTop.html]
[cdn.shopify.com/s/files/1/0437/7038/0448/t/2/assets/contentPatternLeft.html]
[cdn.shopify.com/s/files/1/0437/7038/0448/t/2/assets/contentPatternRight.html]
[cdn.shopify.com/s/files/1/0437/7038/0448/t/2/assets/facebook/sprite.html]
[cdn.shopify.com/s/files/1/0437/7038/0448/t/2/images/prettyPhoto/facebook/sprite.html]
[cdn.shopify.com/s/files/1/0437/7038/0448/t/2/assets/contentPatternBottom.html]
[cdn.shopify.com/s/files/1/0437/7038/0448/t/2/assets/default_thumbnail.html]
[cdn.shopify.com/s/files/1/0437/7038/0448/t/2/assets/fa-brands-400.svg]
[cdn.shopify.com/s/files/1/0437/7038/0448/t/2/assets/fa-regular-400.svg]
[cdn.shopify.com/s/files/1/0437/7038/0448/t/2/assets/fa-solid-900.html]
[campe-theme.myshopify.com/pages/POST.html]
[cdn.shopify.com/s/global/search.css]
[campe-theme.myshopify.com/products/wooden-knife163f.html]
[campe-theme.myshopify.com/products/wide-angular-binoculard018.html]
[campe-theme.myshopify.com/products/trekking-shoee2d7.html]
[campe-theme.myshopify.com/products/round-backpackaa31.html]
[campe-theme.myshopify.com/products/rechargeable-torch-lightf3c9.html]
[campe-theme.myshopify.com/products/portable-barbecue-oven4d5b.html]
[campe-theme.myshopify.com/products/pocket-knife79f4.html]
[campe-theme.myshopify.com/products/outdoor-gas-stove1eac.html]
[campe-theme.myshopify.com/outdoor-gas-stove.html]
[campe-theme.myshopify.com/products/outdoor-cookware9e5b.html]
[campe-theme.myshopify.com/outdoor-cookware.html]
[campe-theme.myshopify.com/products/magnetic-compassf988.html]
[campe-theme.myshopify.com/magnetic-compass.html]
[campe-theme.myshopify.com/products/lock-hook-buckleecdc.html]
[campe-theme.myshopify.com/lock-hook-buckle.html]
[campe-theme.myshopify.com/products/led-torch-light6eb0.html]
[campe-theme.myshopify.com/led-torch-light.html]
[campe-theme.myshopify.com/search6710.html]
[campe-theme.myshopify.com/products/kitchen-knife-setf85b.html]
[campe-theme.myshopify.com/kitchen-knife-set]
[campe-theme.myshopify.com/products/hiking-bottles-holder0792.html]
[campe-theme.myshopify.com/hiking-bottles-holder]
[campe-theme.myshopify.com/products/hiking-bagea1b.html]
[campe-theme.myshopify.com/hiking-bag]
[campe-theme.myshopify.com/products/hiking-backpack-145da.html]
[campe-theme.myshopify.com/products/hike-bootsb0c1.html]
[campe-theme.myshopify.com/hike-boots]
[campe-theme.myshopify.com/products/hanging-buckle7585.html]
[campe-theme.myshopify.com/products/coffee-vessel5f6a.html]
[campe-theme.myshopify.com/coffee-vessel]
[campe-theme.myshopify.com/products/climbing-stick9813.html]
[campe-theme.myshopify.com/climbing-stick]
[campe-theme.myshopify.com/products/climbing-belta363.html]
[campe-theme.myshopify.com/products/belay-device-17fcb.html]
[campe-theme.myshopify.com/products/army-knife4f26.html]
[campe-theme.myshopify.com/army-knife]
[campe-theme.myshopify.com/products/adventure-binocularbf37.html]
[campe-theme.myshopify.com/search6b93.html]
[campe-theme.myshopify.com/search215f.html]
[campe-theme.myshopify.com/collections/all2679.html]
[campe-theme.myshopify.com/collections/outdoor-cookware]
[campe-theme.myshopify.com/collections/outdoor-gas-stove]
[campe-theme.myshopify.com/collections/pocket-knife]
[campe-theme.myshopify.com/collections/portable-barbecue-oven]
[campe-theme.myshopify.com/collections/all4658.html]
[campe-theme.myshopify.com/collections/POST.html]
[campe-theme.myshopify.com/collections/manual.html]
[campe-theme.myshopify.com/collections/price-ascending.html]
[campe-theme.myshopify.com/collections/price-descending.html]
[campe-theme.myshopify.com/collections/title-ascending.html]
[campe-theme.myshopify.com/collections/title-descending.html]
[campe-theme.myshopify.com/collections/created-ascending.html]
[campe-theme.myshopify.com/collections/created-descending.html]
[campe-theme.myshopify.com/collections/best-selling.html]
[campe-theme.myshopify.com/collections/adventure-binocular.html]
[campe-theme.myshopify.com/collections/army-knife.html]
[campe-theme.myshopify.com/collections/belay-device-1.html]
[campe-theme.myshopify.com/collections/climbing-belt.html]
[campe-theme.myshopify.com/collections/climbing-stick.html]
[campe-theme.myshopify.com/collections/coffee-vessel.html]
[campe-theme.myshopify.com/collections/hanging-buckle.html]
[campe-theme.myshopify.com/collections/hike-boots.html]
[campe-theme.myshopify.com/collections/hiking-backpack-1.html]
[campe-theme.myshopify.com/collections/hiking-bag.html]
[campe-theme.myshopify.com/collections/hiking-bottles-holder.html]
[campe-theme.myshopify.com/collections/kitchen-knife-set.html]
[campe-theme.myshopify.com/collections/camping/products/POST]
[campe-theme.myshopify.com/collections/camping/products/hiking-bag.html]
[campe-theme.myshopify.com/collections/camping/products/hiking-backpack-1.html]
[campe-theme.myshopify.com/collections/camping/products/hike-boots.html]
[campe-theme.myshopify.com/collections/camping/products/hanging-buckle.html]
[campe-theme.myshopify.com/collections/camping/products/coffee-vessel.html]
[campe-theme.myshopify.com/products/POST.html]
[pinterest.com/pin/create/button/index17d7.html]
[campe-theme.myshopify.com/collections/trekking/products/POST]
[campe-theme.myshopify.com/collections/trekking/products/climbing-stick.html]
[campe-theme.myshopify.com/collections/trekking/products/climbing-belt.html]
[campe-theme.myshopify.com/collections/trekking/products/belay-device-1.html]
[campe-theme.myshopify.com/collections/trekking/products/army-knife.html]
[cdn.shopify.com/s/files/1/0437/7038/0448/t/2/assets/jquery.fancybox.minfa4d.css]
[pinterest.com/pin/create/button/indexa5fd.html]
[campe-theme.myshopify.com/collections/trekking/products/adventure-binocular.html]
[pinterest.com/pin/create/button/indexdb67.html]
[pinterest.com/pin/create/button/indexf97d.html]
[pinterest.com/pin/create/button/index2f20.html]
[campe-theme.myshopify.com/collections/climbing/products/POST.3bc.delayed]
[campe-theme.myshopify.com/collections/climbing/products/magnetic-compass.html]
[campe-theme.myshopify.com/collections/magnetic-compass.html]
[campe-theme.myshopify.com/collections/climbing/products/lock-hook-buckle.html]
[campe-theme.myshopify.com/collections/lock-hook-buckle.html]
[campe-theme.myshopify.com/collections/climbing/products/led-torch-light.html]
[campe-theme.myshopify.com/collections/led-torch-light.html]
[campe-theme.myshopify.com/collections/climbing/products/kitchen-knife-set.html]
[campe-theme.myshopify.com/collections/climbing/products/hiking-bottles-holder.html]
[pinterest.com/pin/create/button/indexf9a1.html]
[pinterest.com/pin/create/button/indexfcf6.html]
[pinterest.com/pin/create/button/index935c.html]
[pinterest.com/pin/create/button/indexf2c6.html]
[pinterest.com/pin/create/button/index7a98.html]
[campe-theme.myshopify.com/collections/wooden-knife.html]
[campe-theme.myshopify.com/collections/wide-angular-binocular.html]
[campe-theme.myshopify.com/collections/trekking-shoe.html]
[campe-theme.myshopify.com/collections/round-backpack.html]
[campe-theme.myshopify.com/collections/hiking/products/rechargeable-torch-light.html]
[campe-theme.myshopify.com/collections/rechargeable-torch-light.html]
[pinterest.com/pin/create/button/index9f9f.html]
[pinterest.com/pin/create/button/index759e.html]
[pinterest.com/pin/create/button/indexf6ca.html]
[pinterest.com/pin/create/button/index7ca9.html]
[pinterest.com/pin/create/button/index4910.html]
[pinterest.com/pin/create/button/index4017.html]
[pinterest.com/pin/create/button/index1558.html]
[pinterest.com/pin/create/button/indexf54a.html]
[pinterest.com/pin/create/button/index7622.html]
[pinterest.com/pin/create/button/indexaf60.html]
[cdn.shopify.com/s/files/1/0437/7038/0448/articles/blo-1033f8.jpg]
[campe-theme.myshopify.com/blogs/news4658.html]
[campe-theme.myshopify.com/blogs/POST.html]
[cdn.shopify.com/s/files/1/0437/7038/0448/articles/blo-1_grande9204.jpg]
[campe-theme.myshopify.com/blogs/news2679.html]
[cdn.shopify.com/s/files/1/0437/7038/0448/files/blog_detail-28066.jpg]
[campe-theme.myshopify.com/blogs/news/tagged/adventure.html]
[campe-theme.myshopify.com/blogs/news/adventure-is-worthwhile.html]
[campe-theme.myshopify.com/blogs/news/tagged/travel.html]
[cdn.shopify.com/s/files/1/0437/7038/0448/articles/blo-4_grandefe77.jpg]
[cdn.shopify.com/s/files/1/0437/7038/0448/files/blog_detail-1699fb.png]
[campe-theme.myshopify.com/blogs/news/run-towards-adventure.html]
[cdn.shopify.com/s/files/1/0437/7038/0448/articles/blo-3_grande8ab0.jpg]
[cdn.shopify.com/s/files/1/0437/7038/0448/files/blog_detail-11e24.jpg]
[campe-theme.myshopify.com/blogs/news/newer-and-richer-experience.html]
[cdn.shopify.com/s/files/1/0437/7038/0448/articles/blo-8_grande962c.jpg]
[cdn.shopify.com/s/files/1/0437/7038/0448/files/blog_detail-1125d0.jpg]
[campe-theme.myshopify.com/blogs/news/fun-filled-water-sports.html]
[cdn.shopify.com/s/files/1/0437/7038/0448/articles/blo-6_granded121.jpg]
[cdn.shopify.com/s/files/1/0437/7038/0448/files/blog_detail-4cb7c.jpg]
[cdn.shopify.com/s/files/1/0437/7038/0448/files/blog_detail-5e92a.jpg]
[campe-theme.myshopify.com/blogs/news/make-your-best-adventure.html]
[cdn.shopify.com/s/files/1/0437/7038/0448/articles/blo-9_grande368a.jpg]
[campe-theme.myshopify.com/blogs/news/live-the-life-of-your-dreams.html]
[cdn.shopify.com/s/files/1/0437/7038/0448/articles/blo-7_grandefbb9.jpg]
[cdn.shopify.com/s/files/1/0437/7038/0448/files/blog_detail-85fec.jpg]
[cdn.shopify.com/s/files/1/0437/7038/0448/files/blog_detail-93489.jpg]
[campe-theme.myshopify.com/blogs/news/best-education-for-living.html]
[cdn.shopify.com/s/files/1/0437/7038/0448/articles/blo-5_grandede58.jpg]
[cdn.shopify.com/s/files/1/0437/7038/0448/files/blog_detail-373a1.jpg]
[campe-theme.myshopify.com/blogs/news/something-for-the-first-time.html]
[campe-theme.myshopify.com/blogs/news/POST.html]
[campe-theme.myshopify.com/blogs/news/tagged/POST.3f0.delayed]
[campe-theme.myshopify.com/blogs/news/tagged/camping.html]
[campe-theme.myshopify.com/blogs/news/tagged/trekking.html]
[pinterest.com/pin/create/button/index2990.html]
[cdn.shopify.com/s/files/1/0437/7038/0448/articles/blo-10_grande33f8.jpg]
[cdn.shopify.com/s/files/1/0437/7038/0448/files/blog_detail-60c00.jpg]
[cdn.shopify.com/s/files/1/0437/7038/0448/files/blog_detail-103fb5.jpg]
[campe-theme.myshopify.com/blogs/news/take-every-chance-you-get.html]
[campe-theme.myshopify.com/collections/frontpage/products/POST.html]
[campe-theme.myshopify.com/collections/frontpage.atom]
[campe-theme.myshopify.com/collections/frontpage.oembed]
[campe-theme.myshopify.com/collections/frontpage.html]
[pinterest.com/pin/create/button/index92b1.html]
[pinterest.com/pin/create/button/index425e.html]
[campe-theme.myshopify.com/collections/hiking/products/POST.html]
[pinterest.com/pin/create/button/index8c46.html]
[pinterest.com/pin/create/button/index19e2.html]
[campe-theme.myshopify.com/search6710.html]
[campe-theme.myshopify.com/products/kitchen-knife-setf85b.html]
[campe-theme.myshopify.com/kitchen-knife-set.html]
[campe-theme.myshopify.com/products/hiking-bottles-holder0792.html]
[campe-theme.myshopify.com/hiking-bottles-holder.html]
[campe-theme.myshopify.com/products/hiking-bagea1b.html]
[campe-theme.myshopify.com/hiking-bag.html]
[campe-theme.myshopify.com/products/hiking-backpack-145da.html]
[campe-theme.myshopify.com/products/hike-bootsb0c1.html]
[campe-theme.myshopify.com/hike-boots.html]
[campe-theme.myshopify.com/products/hanging-buckle7585.html]
[campe-theme.myshopify.com/products/coffee-vessel5f6a.html]
[campe-theme.myshopify.com/coffee-vessel.html]
[campe-theme.myshopify.com/products/climbing-stick9813.html]
[campe-theme.myshopify.com/climbing-stick.html]
[campe-theme.myshopify.com/products/climbing-belta363.html]
[campe-theme.myshopify.com/products/belay-device-17fcb.html]
[campe-theme.myshopify.com/products/army-knife4f26.html]
[campe-theme.myshopify.com/army-knife.html]
[campe-theme.myshopify.com/products/adventure-binocularbf37.html]
[campe-theme.myshopify.com/search215f.html]
[campe-theme.myshopify.com/collections/all2679.html]
[campe-theme.myshopify.com/collections/outdoor-cookware.html]
[campe-theme.myshopify.com/collections/outdoor-gas-stove.html]
[campe-theme.myshopify.com/collections/pocket-knife.html]
[campe-theme.myshopify.com/collections/portable-barbecue-oven.html]
[campe-theme.myshopify.com/collections/camping/products/POST.html]
[pinterest.com/pin/create/button/index0eea.html]
[campe-theme.myshopify.com/collections/trekking/products/POST.html]
[pinterest.com/pin/create/button/index8b9d.html]
[pinterest.com/pin/create/button/index5d29.html]
[pinterest.com/pin/create/button/indexd9a0.html]
[pinterest.com/pin/create/button/index905c.html]
[campe-theme.myshopify.com/collections/climbing/products/POST.html]
[pinterest.com/pin/create/button/indexc53c.html]
[pinterest.com/pin/create/button/index5a49.html]
[pinterest.com/pin/create/button/indexd1d6.html]
[pinterest.com/pin/create/button/indexc431.html]
[pinterest.com/pin/create/button/indexfe29.html]
[pinterest.com/pin/create/button/indexf07a.html]
[pinterest.com/pin/create/button/index4fb8.html]
[pinterest.com/pin/create/button/index54e1.html]
[pinterest.com/pin/create/button/index3b93.html]
[pinterest.com/pin/create/button/index2abb.html]
[pinterest.com/pin/create/button/index9322.html]
[pinterest.com/pin/create/button/indexe8f2.html]
[pinterest.com/pin/create/button/indexf7cb.html]
[pinterest.com/pin/create/button/indexd287.html]
[pinterest.com/pin/create/button/indexc8fd.html]
[campe-theme.myshopify.com/blogs/news2679.html]
[campe-theme.myshopify.com/blogs/news/tagged/adventure.html]
[campe-theme.myshopify.com/blogs/news/tagged/travel.html]
[pinterest.com/pin/create/button/index7606.html]
[pinterest.com/pin/create/button/indexa27c.html]
[pinterest.com/pin/create/button/index6103.html]
[pinterest.com/pin/create/button/indexafb6.html]
[pinterest.com/pin/create/button/index11f7.html]
[pinterest.com/pin/create/button/index30af.html]
[pinterest.com/pin/create/button/index5095.html]
[pinterest.com/pin/create/button/indexad7e.html]
[campe-theme.myshopify.com/blogs/news/tagged/POST.html]
[pinterest.com/pin/create/button/index52c6.html]
[pinterest.com/pin/create/button/index9d61.html]
[pinterest.com/pin/create/button/index002d.html]
[pinterest.com/pin/create/button/index2bf6.html]
[pinterest.com/pin/create/button/index0c59.html]
[pinterest.com/pin/create/button/index7566.html]
[pinterest.com/pin/create/button/index0d99.html]
[pinterest.com/pin/create/button/indexae98.html]
[pinterest.com/pin/create/button/index77f2.html]
[pinterest.com/pin/create/button/indexb50a.html]
[pinterest.com/pin/create/button/index8f3f.html]
[pinterest.com/pin/create/button/indexc119.html]
[pinterest.com/pin/create/button/index1ce7.html]
[pinterest.com/pin/create/button/index7f20.html]
[pinterest.com/pin/create/button/indexf97b.html]
