[smarthr.dreamguystech.com/smarthr-laravel/smarthr-orange/public/chat.html]
[smarthr.dreamguystech.com/smarthr-laravel/smarthr-orange/public/inbox.html]
[smarthr.dreamguystech.com/smarthr-laravel/smarthr-orange/public/file-manager.html]
[smarthr.dreamguystech.com/smarthr-laravel/smarthr-orange/public/employees.html]
[smarthr.dreamguystech.com/smarthr-laravel/smarthr-orange/public/holidays.html]
[smarthr.dreamguystech.com/smarthr-laravel/smarthr-orange/public/leaves.html]
[smarthr.dreamguystech.com/smarthr-laravel/smarthr-orange/public/leaves-employee.html]
[smarthr.dreamguystech.com/smarthr-laravel/smarthr-orange/public/leave-settings.html]
[smarthr.dreamguystech.com/smarthr-laravel/smarthr-orange/public/attendance-employee.html]
[smarthr.dreamguystech.com/smarthr-laravel/smarthr-orange/public/departments.html]
[smarthr.dreamguystech.com/smarthr-laravel/smarthr-orange/public/designations.html]
[smarthr.dreamguystech.com/smarthr-laravel/smarthr-orange/public/timesheet.html]
[smarthr.dreamguystech.com/smarthr-laravel/smarthr-orange/public/overtime.html]
[smarthr.dreamguystech.com/smarthr-laravel/smarthr-orange/public/clients.html]
[smarthr.dreamguystech.com/smarthr-laravel/smarthr-orange/public/projects.html]
[smarthr.dreamguystech.com/smarthr-laravel/smarthr-orange/public/tasks.html]
[smarthr.dreamguystech.com/smarthr-laravel/smarthr-orange/public/task-board.html]
[smarthr.dreamguystech.com/smarthr-laravel/smarthr-orange/public/leads.html]
[smarthr.dreamguystech.com/smarthr-laravel/smarthr-orange/public/tickets.html]
[smarthr.dreamguystech.com/smarthr-laravel/smarthr-orange/public/estimates.html]
[smarthr.dreamguystech.com/smarthr-laravel/smarthr-orange/public/invoices.html]
[smarthr.dreamguystech.com/smarthr-laravel/smarthr-orange/public/payments.html]
[smarthr.dreamguystech.com/smarthr-laravel/smarthr-orange/public/expenses.html]
[smarthr.dreamguystech.com/smarthr-laravel/smarthr-orange/public/provident-fund.html]
[smarthr.dreamguystech.com/smarthr-laravel/smarthr-orange/public/taxes.html]
[smarthr.dreamguystech.com/smarthr-laravel/smarthr-orange/public/salary.html]
[smarthr.dreamguystech.com/smarthr-laravel/smarthr-orange/public/salary-view.html]
[smarthr.dreamguystech.com/smarthr-laravel/smarthr-orange/public/payroll-items.html]
[smarthr.dreamguystech.com/smarthr-laravel/smarthr-orange/public/policies.html]
[smarthr.dreamguystech.com/smarthr-laravel/smarthr-orange/public/expense-reports.html]
[smarthr.dreamguystech.com/smarthr-laravel/smarthr-orange/public/invoice-reports.html]
[smarthr.dreamguystech.com/smarthr-laravel/smarthr-orange/public/performance-indicator.html]
[smarthr.dreamguystech.com/smarthr-laravel/smarthr-orange/public/performance.html]
[smarthr.dreamguystech.com/smarthr-laravel/smarthr-orange/public/performance-appraisal.html]
[smarthr.dreamguystech.com/smarthr-laravel/smarthr-orange/public/goal-tracking.html]
[smarthr.dreamguystech.com/smarthr-laravel/smarthr-orange/public/goal-type.html]
[smarthr.dreamguystech.com/smarthr-laravel/smarthr-orange/public/training.html]
[smarthr.dreamguystech.com/smarthr-laravel/smarthr-orange/public/trainers.html]
[smarthr.dreamguystech.com/smarthr-laravel/smarthr-orange/public/training-type.html]
[smarthr.dreamguystech.com/smarthr-laravel/smarthr-orange/public/promotion.html]
[smarthr.dreamguystech.com/smarthr-laravel/smarthr-orange/public/resignation.html]
[smarthr.dreamguystech.com/smarthr-laravel/smarthr-orange/public/termination.html]
[smarthr.dreamguystech.com/smarthr-laravel/smarthr-orange/public/assets.html]
[smarthr.dreamguystech.com/smarthr-laravel/smarthr-orange/public/jobs.html]
[smarthr.dreamguystech.com/smarthr-laravel/smarthr-orange/public/jobs-applicants.html]
[smarthr.dreamguystech.com/smarthr-laravel/smarthr-orange/public/knowledgebase.html]
[smarthr.dreamguystech.com/smarthr-laravel/smarthr-orange/public/activities.html]
[smarthr.dreamguystech.com/smarthr-laravel/smarthr-orange/public/users.html]
[smarthr.dreamguystech.com/smarthr-laravel/smarthr-orange/public/settings.html]
[smarthr.dreamguystech.com/smarthr-laravel/smarthr-orange/public/localization.html]
[smarthr.dreamguystech.com/smarthr-laravel/smarthr-orange/public/theme-settings.html]
[smarthr.dreamguystech.com/smarthr-laravel/smarthr-orange/public/roles-permissions.html]
[smarthr.dreamguystech.com/smarthr-laravel/smarthr-orange/public/email-settings.html]
[smarthr.dreamguystech.com/smarthr-laravel/smarthr-orange/public/invoice-settings.html]
[smarthr.dreamguystech.com/smarthr-laravel/smarthr-orange/public/salary-settings.html]
[smarthr.dreamguystech.com/smarthr-laravel/smarthr-orange/public/notifications-settings.html]
[smarthr.dreamguystech.com/smarthr-laravel/smarthr-orange/public/change-password.html]
[smarthr.dreamguystech.com/smarthr-laravel/smarthr-orange/public/leave-type.html]
[smarthr.dreamguystech.com/smarthr-laravel/smarthr-orange/public/components.html]
[smarthr.dreamguystech.com/smarthr-laravel/smarthr-orange/public/client-profile.html]
[smarthr.dreamguystech.com/smarthr-laravel/smarthr-orange/public/login.html]
[smarthr.dreamguystech.com/smarthr-laravel/smarthr-orange/public/register.html]
[smarthr.dreamguystech.com/smarthr-laravel/smarthr-orange/public/forgot-password.html]
[smarthr.dreamguystech.com/smarthr-laravel/smarthr-orange/public/otp.html]
[smarthr.dreamguystech.com/smarthr-laravel/smarthr-orange/public/lock-screen.html]
[smarthr.dreamguystech.com/smarthr-laravel/smarthr-orange/public/subscriptions.html]
[smarthr.dreamguystech.com/smarthr-laravel/smarthr-orange/public/subscriptions-company.html]
[smarthr.dreamguystech.com/smarthr-laravel/smarthr-orange/public/subscribed-companies.html]
[smarthr.dreamguystech.com/smarthr-laravel/smarthr-orange/public/search.html]
[smarthr.dreamguystech.com/smarthr-laravel/smarthr-orange/public/faq.html]
[smarthr.dreamguystech.com/smarthr-laravel/smarthr-orange/public/terms.html]
[smarthr.dreamguystech.com/smarthr-laravel/smarthr-orange/public/privacy-policy.html]
[smarthr.dreamguystech.com/smarthr-laravel/smarthr-orange/public/blank-page.html]
[smarthr.dreamguystech.com/smarthr-laravel/smarthr-orange/public/form-basic-inputs.html]
[smarthr.dreamguystech.com/smarthr-laravel/smarthr-orange/public/form-input-groups.html]
[smarthr.dreamguystech.com/smarthr-laravel/smarthr-orange/public/form-horizontal.html]
[smarthr.dreamguystech.com/smarthr-laravel/smarthr-orange/public/form-vertical.html]
[smarthr.dreamguystech.com/smarthr-laravel/smarthr-orange/public/form-mask.html]
[smarthr.dreamguystech.com/smarthr-laravel/smarthr-orange/public/form-validation.html]
[smarthr.dreamguystech.com/smarthr-laravel/smarthr-orange/public/tables-basic.html]
[smarthr.dreamguystech.com/smarthr-laravel/smarthr-orange/public/data-tables.html]
[smarthr.dreamguystech.com/smarthr-laravel/smarthr-orange/public/index.html]
[backblue.gif]
[fade.gif]
[index.html]
[smarthr.dreamguystech.com/smarthr-laravel/smarthr-orange/public/chat.html]
[smarthr.dreamguystech.com/smarthr-laravel/smarthr-orange/public/inbox.html]
[smarthr.dreamguystech.com/smarthr-laravel/smarthr-orange/public/file-manager.html]
[smarthr.dreamguystech.com/smarthr-laravel/smarthr-orange/public/employees.html]
[smarthr.dreamguystech.com/smarthr-laravel/smarthr-orange/public/holidays.html]
[smarthr.dreamguystech.com/smarthr-laravel/smarthr-orange/public/leaves.html]
[smarthr.dreamguystech.com/smarthr-laravel/smarthr-orange/public/leaves-employee.html]
[smarthr.dreamguystech.com/smarthr-laravel/smarthr-orange/public/leave-settings.html]
[smarthr.dreamguystech.com/smarthr-laravel/smarthr-orange/public/attendance-employee.html]
[smarthr.dreamguystech.com/smarthr-laravel/smarthr-orange/public/departments.html]
[smarthr.dreamguystech.com/smarthr-laravel/smarthr-orange/public/designations.html]
[smarthr.dreamguystech.com/smarthr-laravel/smarthr-orange/public/timesheet.html]
[smarthr.dreamguystech.com/smarthr-laravel/smarthr-orange/public/overtime.html]
[smarthr.dreamguystech.com/smarthr-laravel/smarthr-orange/public/clients.html]
[smarthr.dreamguystech.com/smarthr-laravel/smarthr-orange/public/projects.html]
[smarthr.dreamguystech.com/smarthr-laravel/smarthr-orange/public/tasks.html]
[smarthr.dreamguystech.com/smarthr-laravel/smarthr-orange/public/task-board.html]
[smarthr.dreamguystech.com/smarthr-laravel/smarthr-orange/public/leads.html]
[smarthr.dreamguystech.com/smarthr-laravel/smarthr-orange/public/tickets.html]
[smarthr.dreamguystech.com/smarthr-laravel/smarthr-orange/public/estimates.html]
[smarthr.dreamguystech.com/smarthr-laravel/smarthr-orange/public/invoices.html]
[smarthr.dreamguystech.com/smarthr-laravel/smarthr-orange/public/payments.html]
[smarthr.dreamguystech.com/smarthr-laravel/smarthr-orange/public/expenses.html]
[smarthr.dreamguystech.com/smarthr-laravel/smarthr-orange/public/provident-fund.html]
[smarthr.dreamguystech.com/smarthr-laravel/smarthr-orange/public/taxes.html]
[smarthr.dreamguystech.com/smarthr-laravel/smarthr-orange/public/salary.html]
[smarthr.dreamguystech.com/smarthr-laravel/smarthr-orange/public/salary-view.html]
[smarthr.dreamguystech.com/smarthr-laravel/smarthr-orange/public/payroll-items.html]
[smarthr.dreamguystech.com/smarthr-laravel/smarthr-orange/public/policies.html]
[smarthr.dreamguystech.com/smarthr-laravel/smarthr-orange/public/expense-reports.html]
[smarthr.dreamguystech.com/smarthr-laravel/smarthr-orange/public/invoice-reports.html]
[smarthr.dreamguystech.com/smarthr-laravel/smarthr-orange/public/performance-indicator.html]
[smarthr.dreamguystech.com/smarthr-laravel/smarthr-orange/public/performance.html]
[smarthr.dreamguystech.com/smarthr-laravel/smarthr-orange/public/performance-appraisal.html]
[smarthr.dreamguystech.com/smarthr-laravel/smarthr-orange/public/goal-tracking.html]
[smarthr.dreamguystech.com/smarthr-laravel/smarthr-orange/public/goal-type.html]
[smarthr.dreamguystech.com/smarthr-laravel/smarthr-orange/public/training.html]
[smarthr.dreamguystech.com/smarthr-laravel/smarthr-orange/public/trainers.html]
[smarthr.dreamguystech.com/smarthr-laravel/smarthr-orange/public/training-type.html]
[smarthr.dreamguystech.com/smarthr-laravel/smarthr-orange/public/promotion.html]
[smarthr.dreamguystech.com/smarthr-laravel/smarthr-orange/public/resignation.html]
[smarthr.dreamguystech.com/smarthr-laravel/smarthr-orange/public/termination.html]
[smarthr.dreamguystech.com/smarthr-laravel/smarthr-orange/public/assets.html]
[smarthr.dreamguystech.com/smarthr-laravel/smarthr-orange/public/jobs.html]
[smarthr.dreamguystech.com/smarthr-laravel/smarthr-orange/public/jobs-applicants.html]
[smarthr.dreamguystech.com/smarthr-laravel/smarthr-orange/public/knowledgebase.html]
[smarthr.dreamguystech.com/smarthr-laravel/smarthr-orange/public/activities.html]
[smarthr.dreamguystech.com/smarthr-laravel/smarthr-orange/public/users.html]
[smarthr.dreamguystech.com/smarthr-laravel/smarthr-orange/public/settings.html]
[smarthr.dreamguystech.com/smarthr-laravel/smarthr-orange/public/localization.html]
[smarthr.dreamguystech.com/smarthr-laravel/smarthr-orange/public/theme-settings.html]
[smarthr.dreamguystech.com/smarthr-laravel/smarthr-orange/public/roles-permissions.html]
[smarthr.dreamguystech.com/smarthr-laravel/smarthr-orange/public/email-settings.html]
[smarthr.dreamguystech.com/smarthr-laravel/smarthr-orange/public/invoice-settings.html]
[smarthr.dreamguystech.com/smarthr-laravel/smarthr-orange/public/salary-settings.html]
[smarthr.dreamguystech.com/smarthr-laravel/smarthr-orange/public/notifications-settings.html]
[smarthr.dreamguystech.com/smarthr-laravel/smarthr-orange/public/change-password.html]
[smarthr.dreamguystech.com/smarthr-laravel/smarthr-orange/public/leave-type.html]
[smarthr.dreamguystech.com/smarthr-laravel/smarthr-orange/public/components.html]
[smarthr.dreamguystech.com/smarthr-laravel/smarthr-orange/public/client-profile.html]
[smarthr.dreamguystech.com/smarthr-laravel/smarthr-orange/public/login.html]
[smarthr.dreamguystech.com/smarthr-laravel/smarthr-orange/public/register.html]
[smarthr.dreamguystech.com/smarthr-laravel/smarthr-orange/public/forgot-password.html]
[smarthr.dreamguystech.com/smarthr-laravel/smarthr-orange/public/otp.html]
[smarthr.dreamguystech.com/smarthr-laravel/smarthr-orange/public/lock-screen.html]
[smarthr.dreamguystech.com/smarthr-laravel/smarthr-orange/public/subscriptions.html]
[smarthr.dreamguystech.com/smarthr-laravel/smarthr-orange/public/subscriptions-company.html]
[smarthr.dreamguystech.com/smarthr-laravel/smarthr-orange/public/subscribed-companies.html]
[smarthr.dreamguystech.com/smarthr-laravel/smarthr-orange/public/search.html]
[smarthr.dreamguystech.com/smarthr-laravel/smarthr-orange/public/faq.html]
[smarthr.dreamguystech.com/smarthr-laravel/smarthr-orange/public/terms.html]
[smarthr.dreamguystech.com/smarthr-laravel/smarthr-orange/public/privacy-policy.html]
[smarthr.dreamguystech.com/smarthr-laravel/smarthr-orange/public/blank-page.html]
[smarthr.dreamguystech.com/smarthr-laravel/smarthr-orange/public/form-basic-inputs.html]
[smarthr.dreamguystech.com/smarthr-laravel/smarthr-orange/public/form-input-groups.html]
[smarthr.dreamguystech.com/smarthr-laravel/smarthr-orange/public/form-horizontal.html]
[smarthr.dreamguystech.com/smarthr-laravel/smarthr-orange/public/form-vertical.html]
[smarthr.dreamguystech.com/smarthr-laravel/smarthr-orange/public/form-mask.html]
[smarthr.dreamguystech.com/smarthr-laravel/smarthr-orange/public/form-validation.html]
[smarthr.dreamguystech.com/smarthr-laravel/smarthr-orange/public/tables-basic.html]
[smarthr.dreamguystech.com/smarthr-laravel/smarthr-orange/public/data-tables.html]
[smarthr.dreamguystech.com/smarthr-laravel/smarthr-orange/public/index.html]
